Archive member included to satisfy reference by file (symbol)

../STemWinLib/Lib\libSTemWIN532_CM7_GCC.a(F6x8.o)
                              Src/GUIConf.o (GUI_Font6x8)
../STemWinLib/Lib\libSTemWIN532_CM7_GCC.a(F32_1.o)
                              Src/main.o (GUI_Font32_1)
../STemWinLib/Lib\libSTemWIN532_CM7_GCC.a(F16B_ASCII.o)
                              Src/main.o (GUI_Font16B_ASCII)
../STemWinLib/Lib\libSTemWIN532_CM7_GCC.a(GUIDRV_FlexColor_Func66720.o)
                              Src/LCDConf.o (GUIDRV_FlexColor_SetFunc66720)
../STemWinLib/Lib\libSTemWIN532_CM7_GCC.a(GUIDRV_FlexColor_16bpp_C0B16.o)
                              Src/LCDConf.o (GUIDRV_FlexColor_SetMode16bppC0B16)
../STemWinLib/Lib\libSTemWIN532_CM7_GCC.a(GUIDRV_FlexColor.o)
                              ../STemWinLib/Lib\libSTemWIN532_CM7_GCC.a(GUIDRV_FlexColor_16bpp_C0B16.o) (GUIDRV_FlexColor__SetPixelIndexNoCache)
../STemWinLib/Lib\libSTemWIN532_CM7_GCC.a(LCD_Set.o)
                              Src/LCDConf.o (LCD_SetVSizeEx)
../STemWinLib/Lib\libSTemWIN532_CM7_GCC.a(GUI__memset16.o)
                              ../STemWinLib/Lib\libSTemWIN532_CM7_GCC.a(GUIDRV_FlexColor_16bpp_C0B16.o) (GUI__memset16)
../STemWinLib/Lib\libSTemWIN532_CM7_GCC.a(GUI__memset.o)
                              ../STemWinLib/Lib\libSTemWIN532_CM7_GCC.a(GUIDRV_FlexColor.o) (GUI__memset)
../STemWinLib/Lib\libSTemWIN532_CM7_GCC.a(GUI_Time.o)
                              Src/main.o (GUI_Delay)
../STemWinLib/Lib\libSTemWIN532_CM7_GCC.a(GUI_TOUCH_DriverAnalog.o)
                              Src/LCDConf.o (GUI_TOUCH_Calibrate)
../STemWinLib/Lib\libSTemWIN532_CM7_GCC.a(GUI_TOUCH_Calibrate.o)
                              ../STemWinLib/Lib\libSTemWIN532_CM7_GCC.a(GUI_TOUCH_DriverAnalog.o) (GUI_TOUCH_CalibratePoint)
../STemWinLib/Lib\libSTemWIN532_CM7_GCC.a(GUI_TOUCH.o)
                              ../STemWinLib/Lib\libSTemWIN532_CM7_GCC.a(GUI_TOUCH_DriverAnalog.o) (GUI_TOUCH_StoreStateEx)
../STemWinLib/Lib\libSTemWIN532_CM7_GCC.a(GUI_SetFont.o)
                              Src/main.o (GUI_SetFont)
../STemWinLib/Lib\libSTemWIN532_CM7_GCC.a(GUI_SetColor.o)
                              Src/main.o (GUI_SetBkColor)
../STemWinLib/Lib\libSTemWIN532_CM7_GCC.a(GUI_PID.o)
                              ../STemWinLib/Lib\libSTemWIN532_CM7_GCC.a(GUI_TOUCH.o) (GUI_PID_StoreState)
../STemWinLib/Lib\libSTemWIN532_CM7_GCC.a(GUI_OnKey.o)
                              Src/main.o (GUI_GetKey)
../STemWinLib/Lib\libSTemWIN532_CM7_GCC.a(GUI_FillRect.o)
                              Src/main.o (GUI_FillRect)
../STemWinLib/Lib\libSTemWIN532_CM7_GCC.a(GUI_Exec.o)
                              Src/main.o (GUI_Exec)
../STemWinLib/Lib\libSTemWIN532_CM7_GCC.a(GUI_DispStringAt.o)
                              Src/main.o (GUI_DispStringAt)
../STemWinLib/Lib\libSTemWIN532_CM7_GCC.a(GUI_DispString.o)
                              ../STemWinLib/Lib\libSTemWIN532_CM7_GCC.a(GUI_DispStringAt.o) (GUI_DispString)
../STemWinLib/Lib\libSTemWIN532_CM7_GCC.a(GUI_Device.o)
                              ../STemWinLib/Lib\libSTemWIN532_CM7_GCC.a(LCD_Set.o) (GUI_DEVICE__GetpDriver)
../STemWinLib/Lib\libSTemWIN532_CM7_GCC.a(GUI_Core.o)
                              ../STemWinLib/Lib\libSTemWIN532_CM7_GCC.a(GUI_Device.o) (GUI__apDevice)
../STemWinLib/Lib\libSTemWIN532_CM7_GCC.a(GUI_CharP.o)
                              ../STemWinLib/Lib\libSTemWIN532_CM7_GCC.a(F32_1.o) (GUIPROP_DispChar)
../STemWinLib/Lib\libSTemWIN532_CM7_GCC.a(GUI_CharM.o)
                              ../STemWinLib/Lib\libSTemWIN532_CM7_GCC.a(F6x8.o) (GUIMONO_DispChar)
../STemWinLib/Lib\libSTemWIN532_CM7_GCC.a(GUI_CharLine.o)
                              ../STemWinLib/Lib\libSTemWIN532_CM7_GCC.a(GUI_DispString.o) (GUI__GetLineNumChars)
../STemWinLib/Lib\libSTemWIN532_CM7_GCC.a(GUI_Char.o)
                              ../STemWinLib/Lib\libSTemWIN532_CM7_GCC.a(GUI_DispString.o) (GUI_GetYAdjust)
../STemWinLib/Lib\libSTemWIN532_CM7_GCC.a(GUI_Alloc.o)
                              ../STemWinLib/Lib\libSTemWIN532_CM7_GCC.a(GUI_Device.o) (GUI_ALLOC_FreeFixedBlock)
../STemWinLib/Lib\libSTemWIN532_CM7_GCC.a(GUI_2DLib.o)
                              Src/main.o (GUI_DrawRect)
../STemWinLib/Lib\libSTemWIN532_CM7_GCC.a(GUICC_M565.o)
                              Src/LCDConf.o (LCD_API_ColorConv_M565)
../STemWinLib/Lib\libSTemWIN532_CM7_GCC.a(WM_Touch.o)
                              ../STemWinLib/Lib\libSTemWIN532_CM7_GCC.a(GUI_PID.o) (WM_HandlePID)
../STemWinLib/Lib\libSTemWIN532_CM7_GCC.a(WM_SetCapture.o)
                              ../STemWinLib/Lib\libSTemWIN532_CM7_GCC.a(WM_Touch.o) (WM_ReleaseCapture)
../STemWinLib/Lib\libSTemWIN532_CM7_GCC.a(WM_Screen2Win.o)
                              ../STemWinLib/Lib\libSTemWIN532_CM7_GCC.a(WM_Touch.o) (WM_Screen2hWin)
../STemWinLib/Lib\libSTemWIN532_CM7_GCC.a(WM_PID__GetPrevState.o)
                              ../STemWinLib/Lib\libSTemWIN532_CM7_GCC.a(WM_Touch.o) (WM_PID__SetPrevState)
[...]
Memory Configuration

Name             Origin             Length             Attributes
RAM              0x0000000020000000 0x0000000000050000 xrw
FLASH            0x0000000008000000 0x0000000000100000 xr
*default*        0x0000000000000000 0xffffffffffffffff

Linker script and memory map

LOAD c:/st/stm32cubeide_1.3.0/stm32cubeide/plugins/com.st.stm32cube.ide.mcu.externaltools.gnu-tools-for-stm32.7-2018-q2-update.win32_1.0.0.201904181610/tools/bin/../lib/gcc/arm-none-eabi/7.3.1/thumb/v7e-m/fpv4-sp/hard/crti.o
LOAD c:/st/stm32cubeide_1.3.0/stm32cubeide/plugins/com.st.stm32cube.ide.mcu.externaltools.gnu-tools-for-stm32.7-2018-q2-update.win32_1.0.0.201904181610/tools/bin/../lib/gcc/arm-none-eabi/7.3.1/thumb/v7e-m/fpv4-sp/hard/crtbegin.o
LOAD c:/st/stm32cubeide_1.3.0/stm32cubeide/plugins/com.st.stm32cube.ide.mcu.externaltools.gnu-tools-for-stm32.7-2018-q2-update.win32_1.0.0.201904181610/tools/bin/../lib/gcc/arm-none-eabi/7.3.1/../../../../arm-none-eabi/lib/thumb/v7e-m/fpv4-sp/hard/crt0.o
LOAD Drivers/Drajveri_Ekran_Tac/Sors/SSD1963.o
LOAD Drivers/Drajveri_Ekran_Tac/Sors/STMPE610.o
LOAD Drivers/STM32F7xx_HAL_Driver/Src/stm32f7xx_hal.o
LOAD Drivers/STM32F7xx_HAL_Driver/Src/stm32f7xx_hal_cortex.o
LOAD Drivers/STM32F7xx_HAL_Driver/Src/stm32f7xx_hal_dma.o
LOAD Drivers/STM32F7xx_HAL_Driver/Src/stm32f7xx_hal_dma_ex.o
LOAD Drivers/STM32F7xx_HAL_Driver/Src/stm32f7xx_hal_exti.o
LOAD Drivers/STM32F7xx_HAL_Driver/Src/stm32f7xx_hal_flash.o
LOAD Drivers/STM32F7xx_HAL_Driver/Src/stm32f7xx_hal_flash_ex.o
LOAD Drivers/STM32F7xx_HAL_Driver/Src/stm32f7xx_hal_gpio.o
LOAD Drivers/STM32F7xx_HAL_Driver/Src/stm32f7xx_hal_i2c.o
LOAD Drivers/STM32F7xx_HAL_Driver/Src/stm32f7xx_hal_i2c_ex.o
LOAD Drivers/STM32F7xx_HAL_Driver/Src/stm32f7xx_hal_pcd.o
LOAD Drivers/STM32F7xx_HAL_Driver/Src/stm32f7xx_hal_pcd_ex.o
LOAD Drivers/STM32F7xx_HAL_Driver/Src/stm32f7xx_hal_pwr.o
LOAD Drivers/STM32F7xx_HAL_Driver/Src/stm32f7xx_hal_pwr_ex.o
LOAD Drivers/STM32F7xx_HAL_Driver/Src/stm32f7xx_hal_rcc.o
LOAD Drivers/STM32F7xx_HAL_Driver/Src/stm32f7xx_hal_rcc_ex.o
LOAD Drivers/STM32F7xx_HAL_Driver/Src/stm32f7xx_hal_tim.o
LOAD Drivers/STM32F7xx_HAL_Driver/Src/stm32f7xx_hal_tim_ex.o
LOAD Drivers/STM32F7xx_HAL_Driver/Src/stm32f7xx_ll_usb.o
LOAD Middlewares/ST/STM32_USB_Device_Library/Class/CDC/Src/usbd_cdc.o
LOAD Middlewares/ST/STM32_USB_Device_Library/Core/Src/usbd_core.o
LOAD Middlewares/ST/STM32_USB_Device_Library/Core/Src/usbd_ctlreq.o
LOAD Middlewares/ST/STM32_USB_Device_Library/Core/Src/usbd_ioreq.o
LOAD Src/GUIConf.o
LOAD Src/GUI_X.o
LOAD Src/LCDConf.o
LOAD Src/main.o
LOAD Src/stm32f7xx_hal_msp.o
LOAD Src/stm32f7xx_it.o
LOAD Src/syscalls.o
LOAD Src/sysmem.o
LOAD Src/system_stm32f7xx.o
LOAD Src/usb_device.o
LOAD Src/usbd_cdc_if.o
LOAD Src/usbd_conf.o
LOAD Src/usbd_desc.o
LOAD Startup/startup_stm32f746zgtx.o
LOAD ../STemWinLib/Lib\libSTemWIN532_CM7_GCC.a
START GROUP
LOAD c:/st/stm32cubeide_1.3.0/stm32cubeide/plugins/com.st.stm32cube.ide.mcu.externaltools.gnu-tools-for-stm32.7-2018-q2-update.win32_1.0.0.201904181610/tools/bin/../lib/gcc/arm-none-eabi/7.3.1/../../../../arm-none-eabi/lib/thumb/v7e-m/fpv4-sp/hard\libc_nano.a
LOAD c:/st/stm32cubeide_1.3.0/stm32cubeide/plugins/com.st.stm32cube.ide.mcu.externaltools.gnu-tools-for-stm32.7-2018-q2-update.win32_1.0.0.201904181610/tools/bin/../lib/gcc/arm-none-eabi/7.3.1/../../../../arm-none-eabi/lib/thumb/v7e-m/fpv4-sp/hard\libm.a
END GROUP
START GROUP
LOAD c:/st/stm32cubeide_1.3.0/stm32cubeide/plugins/com.st.stm32cube.ide.mcu.externaltools.gnu-tools-for-stm32.7-2018-q2-update.win32_1.0.0.201904181610/tools/bin/../lib/gcc/arm-none-eabi/7.3.1/thumb/v7e-m/fpv4-sp/hard\libgcc.a
LOAD c:/st/stm32cubeide_1.3.0/stm32cubeide/plugins/com.st.stm32cube.ide.mcu.externaltools.gnu-tools-for-stm32.7-2018-q2-update.win32_1.0.0.201904181610/tools/bin/../lib/gcc/arm-none-eabi/7.3.1/../../../../arm-none-eabi/lib/thumb/v7e-m/fpv4-sp/hard\libc_nano.a
END GROUP
START GROUP
LOAD c:/st/stm32cubeide_1.3.0/stm32cubeide/plugins/com.st.stm32cube.ide.mcu.externaltools.gnu-tools-for-stm32.7-2018-q2-update.win32_1.0.0.201904181610/tools/bin/../lib/gcc/arm-none-eabi/7.3.1/thumb/v7e-m/fpv4-sp/hard\libgcc.a
LOAD c:/st/stm32cubeide_1.3.0/stm32cubeide/plugins/com.st.stm32cube.ide.mcu.externaltools.gnu-tools-for-stm32.7-2018-q2-update.win32_1.0.0.201904181610/tools/bin/../lib/gcc/arm-none-eabi/7.3.1/../../../../arm-none-eabi/lib/thumb/v7e-m/fpv4-sp/hard\libc_nano.a
LOAD c:/st/stm32cubeide_1.3.0/stm32cubeide/plugins/com.st.stm32cube.ide.mcu.externaltools.gnu-tools-for-stm32.7-2018-q2-update.win32_1.0.0.201904181610/tools/bin/../lib/gcc/arm-none-eabi/7.3.1/../../../../arm-none-eabi/lib/thumb/v7e-m/fpv4-sp/hard\libnosys.a
END GROUP
START GROUP
LOAD c:/st/stm32cubeide_1.3.0/stm32cubeide/plugins/com.st.stm32cube.ide.mcu.externaltools.gnu-tools-for-stm32.7-2018-q2-update.win32_1.0.0.201904181610/tools/bin/../lib/gcc/arm-none-eabi/7.3.1/thumb/v7e-m/fpv4-sp/hard\libgcc.a
LOAD c:/st/stm32cubeide_1.3.0/stm32cubeide/plugins/com.st.stm32cube.ide.mcu.externaltools.gnu-tools-for-stm32.7-2018-q2-update.win32_1.0.0.201904181610/tools/bin/../lib/gcc/arm-none-eabi/7.3.1/../../../../arm-none-eabi/lib/thumb/v7e-m/fpv4-sp/hard\libc_nano.a
LOAD c:/st/stm32cubeide_1.3.0/stm32cubeide/plugins/com.st.stm32cube.ide.mcu.externaltools.gnu-tools-for-stm32.7-2018-q2-update.win32_1.0.0.201904181610/tools/bin/../lib/gcc/arm-none-eabi/7.3.1/../../../../arm-none-eabi/lib/thumb/v7e-m/fpv4-sp/hard\libnosys.a
END GROUP
LOAD c:/st/stm32cubeide_1.3.0/stm32cubeide/plugins/com.st.stm32cube.ide.mcu.externaltools.gnu-tools-for-stm32.7-2018-q2-update.win32_1.0.0.201904181610/tools/bin/../lib/gcc/arm-none-eabi/7.3.1/thumb/v7e-m/fpv4-sp/hard/crtend.o
LOAD c:/st/stm32cubeide_1.3.0/stm32cubeide/plugins/com.st.stm32cube.ide.mcu.externaltools.gnu-tools-for-stm32.7-2018-q2-update.win32_1.0.0.201904181610/tools/bin/../lib/gcc/arm-none-eabi/7.3.1/thumb/v7e-m/fpv4-sp/hard/crtn.o
                0x0000000020050000                _estack = (ORIGIN (RAM) + LENGTH (RAM))
                0x0000000000000200                _Min_Heap_Size = 0x200
                0x0000000000000400                _Min_Stack_Size = 0x400

.isr_vector     0x0000000008000000      0x1c8
                0x0000000008000000                . = ALIGN (0x4)
 *(.isr_vector)
 .isr_vector    0x0000000008000000      0x1c8 Startup/startup_stm32f746zgtx.o
                0x0000000008000000                g_pfnVectors
                0x00000000080001c8                . = ALIGN (0x4)

.text           0x00000000080001c8    0x101d8
                0x00000000080001c8                . = ALIGN (0x4)
 *(.text)
 .text          0x00000000080001c8       0x40 c:/st/stm32cubeide_1.3.0/stm32cubeide/plugins/com.st.stm32cube.ide.mcu.externaltools.gnu-tools-for-stm32.7-2018-q2-update.win32_1.0.0.201904181610/tools/bin/../lib/gcc/arm-none-eabi/7.3.1/thumb/v7e-m/fpv4-sp/hard/crtbegin.o
 .text          0x0000000008000208      0x378 c:/st/stm32cubeide_1.3.0/stm32cubeide/plugins/com.st.stm32cube.ide.mcu.externaltools.gnu-tools-for-stm32.7-2018-q2-update.win32_1.0.0.201904181610/tools/bin/../lib/gcc/arm-none-eabi/7.3.1/thumb/v7e-m/fpv4-sp/hard\libgcc.a(_arm_addsubdf3.o)
                0x0000000008000208                __aeabi_drsub
                0x0000000008000210                __aeabi_dsub
                0x0000000008000210                __subdf3
                0x0000000008000214                __aeabi_dadd
                0x0000000008000214                __adddf3
                0x000000000800048c                __floatunsidf
                0x000000000800048c                __aeabi_ui2d
                0x00000000080004ac                __floatsidf
                0x00000000080004ac                __aeabi_i2d
                0x00000000080004d0                __aeabi_f2d
                0x00000000080004d0                __extendsfdf2
                0x0000000008000514                __floatundidf
                0x0000000008000514                __aeabi_ul2d
                0x0000000008000524                __floatdidf
                0x0000000008000524                __aeabi_l2d
 .text          0x0000000008000580      0x424 c:/st/stm32cubeide_1.3.0/stm32cubeide/plugins/com.st.stm32cube.ide.mcu.externaltools.gnu-tools-for-stm32.7-2018-q2-update.win32_1.0.0.201904181610/tools/bin/../lib/gcc/arm-none-eabi/7.3.1/thumb/v7e-m/fpv4-sp/hard\libgcc.a(_arm_muldivdf3.o)
                0x0000000008000580                __aeabi_dmul
                0x0000000008000580                __muldf3
                0x00000000080007d4                __divdf3
                0x00000000080007d4                __aeabi_ddiv
 .text          0x00000000080009a4       0x50 c:/st/stm32cubeide_1.3.0/stm32cubeide/plugins/com.st.stm32cube.ide.mcu.externaltools.gnu-tools-for-stm32.7-2018-q2-update.win32_1.0.0.201904181610/tools/bin/../lib/gcc/arm-none-eabi/7.3.1/thumb/v7e-m/fpv4-sp/hard\libgcc.a(_arm_fixdfsi.o)
                0x00000000080009a4                __aeabi_d2iz
                0x00000000080009a4                __fixdfsi
 .text          0x00000000080009f4       0xa0 c:/st/stm32cubeide_1.3.0/stm32cubeide/plugins/com.st.stm32cube.ide.mcu.externaltools.gnu-tools-for-stm32.7-2018-q2-update.win32_1.0.0.201904181610/tools/bin/../lib/gcc/arm-none-eabi/7.3.1/thumb/v7e-m/fpv4-sp/hard\libgcc.a(_arm_truncdfsf2.o)
                0x00000000080009f4                __truncdfsf2
                0x00000000080009f4                __aeabi_d2f
 .text          0x0000000008000a94       0x30 c:/st/stm32cubeide_1.3.0/stm32cubeide/plugins/com.st.stm32cube.ide.mcu.externaltools.gnu-tools-for-stm32.7-2018-q2-update.win32_1.0.0.201904181610/tools/bin/../lib/gcc/arm-none-eabi/7.3.1/thumb/v7e-m/fpv4-sp/hard\libgcc.a(_aeabi_uldivmod.o)
                0x0000000008000a94                __aeabi_uldivmod
 .text          0x0000000008000ac4      0x2cc c:/st/stm32cubeide_1.3.0/stm32cubeide/plugins/com.st.stm32cube.ide.mcu.externaltools.gnu-tools-for-stm32.7-2018-q2-update.win32_1.0.0.201904181610/tools/bin/../lib/gcc/arm-none-eabi/7.3.1/thumb/v7e-m/fpv4-sp/hard\libgcc.a(_udivmoddi4.o)
                0x0000000008000ac4                __udivmoddi4
 .text          0x0000000008000d90        0x4 c:/st/stm32cubeide_1.3.0/stm32cubeide/plugins/com.st.stm32cube.ide.mcu.externaltools.gnu-tools-for-stm32.7-2018-q2-update.win32_1.0.0.201904181610/tools/bin/../lib/gcc/arm-none-eabi/7.3.1/thumb/v7e-m/fpv4-sp/hard\libgcc.a(_dvmd_tls.o)
                0x0000000008000d90                __aeabi_idiv0
                0x0000000008000d90                __aeabi_ldiv0
 *(.text*)
 .text.Init_LCD_GPIO
                0x0000000008000d94       0xf0 Drivers/Drajveri_Ekran_Tac/Sors/SSD1963.o
                0x0000000008000d94                Init_LCD_GPIO
 .text.SSD1963_WriteCommand
                0x0000000008000e84       0x58 Drivers/Drajveri_Ekran_Tac/Sors/SSD1963.o
                0x0000000008000e84                SSD1963_WriteCommand
 .text.SSD1963_WriteData
                0x0000000008000edc       0x58 Drivers/Drajveri_Ekran_Tac/Sors/SSD1963.o
                0x0000000008000edc                SSD1963_WriteData
 .text.SSD1963_WriteDataMultiple
                0x0000000008000f34       0x18 Drivers/Drajveri_Ekran_Tac/Sors/SSD1963.o
                0x0000000008000f34                SSD1963_WriteDataMultiple
 .text.SSD1963_Init
                0x0000000008000f4c      0x158 Drivers/Drajveri_Ekran_Tac/Sors/SSD1963.o
                0x0000000008000f4c                SSD1963_Init
 .text.Init_TOUCH_GPIO
                0x00000000080010a4       0x24 Drivers/Drajveri_Ekran_Tac/Sors/STMPE610.o
                0x00000000080010a4                Init_TOUCH_GPIO
 .text.STMPE610_Write
                0x00000000080010c8       0x2c Drivers/Drajveri_Ekran_Tac/Sors/STMPE610.o
                0x00000000080010c8                STMPE610_Write
 .text.STMPE610_ReadByte
                0x00000000080010f4       0x4c Drivers/Drajveri_Ekran_Tac/Sors/STMPE610.o
                0x00000000080010f4                STMPE610_ReadByte
 .text.STMPE610_ReadWord
                0x0000000008001140       0x58 Drivers/Drajveri_Ekran_Tac/Sors/STMPE610.o
                0x0000000008001140                STMPE610_ReadWord
 .text.STMPE610_Init
                0x0000000008001198       0x90 Drivers/Drajveri_Ekran_Tac/Sors/STMPE610.o
                0x0000000008001198                STMPE610_Init
 .text.STMPE610_read_xyz
                0x0000000008001228       0x80 Drivers/Drajveri_Ekran_Tac/Sors/STMPE610.o
                0x0000000008001228                STMPE610_read_xyz
 .text.STMPE610_GetX_TOUCH
                0x00000000080012a8       0x5c Drivers/Drajveri_Ekran_Tac/Sors/STMPE610.o
                0x00000000080012a8                STMPE610_GetX_TOUCH
 *fill*         0x0000000008001304        0x4 
 .text.STMPE610_GetY_TOUCH
                0x0000000008001308       0x5c Drivers/Drajveri_Ekran_Tac/Sors/STMPE610.o
                0x0000000008001308                STMPE610_GetY_TOUCH
 .text.STMPE610_GetX_TOUCH_RAW
                0x0000000008001364        0xc Drivers/Drajveri_Ekran_Tac/Sors/STMPE610.o
                0x0000000008001364                STMPE610_GetX_TOUCH_RAW
 .text.STMPE610_GetY_TOUCH_RAW
                0x0000000008001370        0xc Drivers/Drajveri_Ekran_Tac/Sors/STMPE610.o
                0x0000000008001370                STMPE610_GetY_TOUCH_RAW
 .text.HAL_InitTick
                0x000000000800137c       0x4c Drivers/STM32F7xx_HAL_Driver/Src/stm32f7xx_hal.o
                0x000000000800137c                HAL_InitTick
 .text.HAL_Init
                0x00000000080013c8       0x16 Drivers/STM32F7xx_HAL_Driver/Src/stm32f7xx_hal.o
                0x00000000080013c8                HAL_Init
 *fill*         0x00000000080013de        0x2 
 .text.HAL_IncTick
                0x00000000080013e0       0x18 Drivers/STM32F7xx_HAL_Driver/Src/stm32f7xx_hal.o
                0x00000000080013e0                HAL_IncTick
 .text.HAL_GetTick
                0x00000000080013f8        0xc Drivers/STM32F7xx_HAL_Driver/Src/stm32f7xx_hal.o
                0x00000000080013f8                HAL_GetTick
 .text.HAL_Delay
                0x0000000008001404       0x28 Drivers/STM32F7xx_HAL_Driver/Src/stm32f7xx_hal.o
                0x0000000008001404                HAL_Delay
 .text.HAL_NVIC_SetPriorityGrouping
                0x000000000800142c       0x24 Drivers/STM32F7xx_HAL_Driver/Src/stm32f7xx_hal_cortex.o
                0x000000000800142c                HAL_NVIC_SetPriorityGrouping
 .text.HAL_NVIC_SetPriority
                0x0000000008001450       0x64 Drivers/STM32F7xx_HAL_Driver/Src/stm32f7xx_hal_cortex.o
                0x0000000008001450                HAL_NVIC_SetPriority
 .text.HAL_NVIC_EnableIRQ
                0x00000000080014b4       0x1c Drivers/STM32F7xx_HAL_Driver/Src/stm32f7xx_hal_cortex.o
                0x00000000080014b4                HAL_NVIC_EnableIRQ
 .text.HAL_SYSTICK_Config
                0x00000000080014d0       0x2c Drivers/STM32F7xx_HAL_Driver/Src/stm32f7xx_hal_cortex.o
                0x00000000080014d0                HAL_SYSTICK_Config
 .text.HAL_SYSTICK_IRQHandler
                0x00000000080014fc        0x8 Drivers/STM32F7xx_HAL_Driver/Src/stm32f7xx_hal_cortex.o
                0x00000000080014fc                HAL_SYSTICK_IRQHandler
 .text.HAL_GPIO_Init
                0x0000000008001504      0x1e8 Drivers/STM32F7xx_HAL_Driver/Src/stm32f7xx_hal_gpio.o
                0x0000000008001504                HAL_GPIO_Init
 .text.HAL_GPIO_WritePin
                0x00000000080016ec        0xc Drivers/STM32F7xx_HAL_Driver/Src/stm32f7xx_hal_gpio.o
                0x00000000080016ec                HAL_GPIO_WritePin
 .text.I2C_Flush_TXDR
                0x00000000080016f8       0x22 Drivers/STM32F7xx_HAL_Driver/Src/stm32f7xx_hal_i2c.o
 .text.I2C_TransferConfig
                0x000000000800171a       0x3c Drivers/STM32F7xx_HAL_Driver/Src/stm32f7xx_hal_i2c.o
 .text.I2C_IsErrorOccurred
                0x0000000008001756      0x128 Drivers/STM32F7xx_HAL_Driver/Src/stm32f7xx_hal_i2c.o
 .text.I2C_WaitOnTXISFlagUntilTimeout
                0x000000000800187e       0x56 Drivers/STM32F7xx_HAL_Driver/Src/stm32f7xx_hal_i2c.o
 .text.I2C_WaitOnFlagUntilTimeout
                0x00000000080018d4       0x52 Drivers/STM32F7xx_HAL_Driver/Src/stm32f7xx_hal_i2c.o
 .text.I2C_WaitOnSTOPFlagUntilTimeout
                0x0000000008001926       0x50 Drivers/STM32F7xx_HAL_Driver/Src/stm32f7xx_hal_i2c.o
 .text.I2C_WaitOnRXNEFlagUntilTimeout
                0x0000000008001976       0xae Drivers/STM32F7xx_HAL_Driver/Src/stm32f7xx_hal_i2c.o
 .text.HAL_I2C_Init
                0x0000000008001a24       0xbc Drivers/STM32F7xx_HAL_Driver/Src/stm32f7xx_hal_i2c.o
                0x0000000008001a24                HAL_I2C_Init
 .text.HAL_I2C_Master_Transmit
                0x0000000008001ae0      0x17c Drivers/STM32F7xx_HAL_Driver/Src/stm32f7xx_hal_i2c.o
                0x0000000008001ae0                HAL_I2C_Master_Transmit
 .text.HAL_I2C_Master_Receive
                0x0000000008001c5c      0x17c Drivers/STM32F7xx_HAL_Driver/Src/stm32f7xx_hal_i2c.o
                0x0000000008001c5c                HAL_I2C_Master_Receive
 .text.HAL_I2CEx_ConfigAnalogFilter
                0x0000000008001dd8       0x5c Drivers/STM32F7xx_HAL_Driver/Src/stm32f7xx_hal_i2c_ex.o
                0x0000000008001dd8                HAL_I2CEx_ConfigAnalogFilter
 .text.HAL_I2CEx_ConfigDigitalFilter
                0x0000000008001e34       0x58 Drivers/STM32F7xx_HAL_Driver/Src/stm32f7xx_hal_i2c_ex.o
                0x0000000008001e34                HAL_I2CEx_ConfigDigitalFilter
 .text.PCD_WriteEmptyTxFifo
                0x0000000008001e8c       0xd4 Drivers/STM32F7xx_HAL_Driver/Src/stm32f7xx_hal_pcd.o
 .text.HAL_PCD_Init
                0x0000000008001f60      0x130 Drivers/STM32F7xx_HAL_Driver/Src/stm32f7xx_hal_pcd.o
                0x0000000008001f60                HAL_PCD_Init
 .text.HAL_PCD_Start
                0x0000000008002090       0x2a Drivers/STM32F7xx_HAL_Driver/Src/stm32f7xx_hal_pcd.o
                0x0000000008002090                HAL_PCD_Start
 *fill*         0x00000000080020ba        0x2 
 .text.PCD_EP_OutXfrComplete_int
                0x00000000080020bc      0x100 Drivers/STM32F7xx_HAL_Driver/Src/stm32f7xx_hal_pcd.o
 .text.PCD_EP_OutSetupPacket_int
                0x00000000080021bc       0x50 Drivers/STM32F7xx_HAL_Driver/Src/stm32f7xx_hal_pcd.o
 .text.HAL_PCD_IRQHandler
                0x000000000800220c      0x4dc Drivers/STM32F7xx_HAL_Driver/Src/stm32f7xx_hal_pcd.o
                0x000000000800220c                HAL_PCD_IRQHandler
 .text.HAL_PCD_SetAddress
                0x00000000080026e8       0x28 Drivers/STM32F7xx_HAL_Driver/Src/stm32f7xx_hal_pcd.o
                0x00000000080026e8                HAL_PCD_SetAddress
 .text.HAL_PCD_EP_Open
                0x0000000008002710       0x82 Drivers/STM32F7xx_HAL_Driver/Src/stm32f7xx_hal_pcd.o
                0x0000000008002710                HAL_PCD_EP_Open
 .text.HAL_PCD_EP_Close
                0x0000000008002792       0x6e Drivers/STM32F7xx_HAL_Driver/Src/stm32f7xx_hal_pcd.o
                0x0000000008002792                HAL_PCD_EP_Close
 .text.HAL_PCD_EP_Receive
                0x0000000008002800       0x5c Drivers/STM32F7xx_HAL_Driver/Src/stm32f7xx_hal_pcd.o
                0x0000000008002800                HAL_PCD_EP_Receive
 .text.HAL_PCD_EP_GetRxCount
                0x000000000800285c       0x12 Drivers/STM32F7xx_HAL_Driver/Src/stm32f7xx_hal_pcd.o
                0x000000000800285c                HAL_PCD_EP_GetRxCount
 .text.HAL_PCD_EP_Transmit
                0x000000000800286e       0x54 Drivers/STM32F7xx_HAL_Driver/Src/stm32f7xx_hal_pcd.o
                0x000000000800286e                HAL_PCD_EP_Transmit
 .text.HAL_PCD_EP_SetStall
                0x00000000080028c2       0x82 Drivers/STM32F7xx_HAL_Driver/Src/stm32f7xx_hal_pcd.o
                0x00000000080028c2                HAL_PCD_EP_SetStall
 .text.HAL_PCD_EP_ClrStall
                0x0000000008002944       0x6e Drivers/STM32F7xx_HAL_Driver/Src/stm32f7xx_hal_pcd.o
                0x0000000008002944                HAL_PCD_EP_ClrStall
 .text.HAL_PCDEx_SetTxFiFo
                0x00000000080029b2       0x48 Drivers/STM32F7xx_HAL_Driver/Src/stm32f7xx_hal_pcd_ex.o
                0x00000000080029b2                HAL_PCDEx_SetTxFiFo
 .text.HAL_PCDEx_SetRxFiFo
                0x00000000080029fa        0x8 Drivers/STM32F7xx_HAL_Driver/Src/stm32f7xx_hal_pcd_ex.o
                0x00000000080029fa                HAL_PCDEx_SetRxFiFo
 *fill*         0x0000000008002a02        0x2 
 .text.HAL_PCDEx_ActivateLPM
                0x0000000008002a04       0x28 Drivers/STM32F7xx_HAL_Driver/Src/stm32f7xx_hal_pcd_ex.o
                0x0000000008002a04                HAL_PCDEx_ActivateLPM
 .text.HAL_PWREx_EnableOverDrive
                0x0000000008002a2c       0x7c Drivers/STM32F7xx_HAL_Driver/Src/stm32f7xx_hal_pwr_ex.o
                0x0000000008002a2c                HAL_PWREx_EnableOverDrive
 .text.HAL_RCC_OscConfig
                0x0000000008002aa8      0x434 Drivers/STM32F7xx_HAL_Driver/Src/stm32f7xx_hal_rcc.o
                0x0000000008002aa8                HAL_RCC_OscConfig
 .text.HAL_RCC_GetSysClockFreq
                0x0000000008002edc       0xa8 Drivers/STM32F7xx_HAL_Driver/Src/stm32f7xx_hal_rcc.o
                0x0000000008002edc                HAL_RCC_GetSysClockFreq
 .text.HAL_RCC_ClockConfig
                0x0000000008002f84      0x168 Drivers/STM32F7xx_HAL_Driver/Src/stm32f7xx_hal_rcc.o
                0x0000000008002f84                HAL_RCC_ClockConfig
 .text.HAL_RCC_GetHCLKFreq
                0x00000000080030ec        0xc Drivers/STM32F7xx_HAL_Driver/Src/stm32f7xx_hal_rcc.o
                0x00000000080030ec                HAL_RCC_GetHCLKFreq
 .text.HAL_RCCEx_PeriphCLKConfig
                0x00000000080030f8      0x5a4 Drivers/STM32F7xx_HAL_Driver/Src/stm32f7xx_hal_rcc_ex.o
                0x00000000080030f8                HAL_RCCEx_PeriphCLKConfig
 .text.TIM_OC1_SetConfig
                0x000000000800369c       0x68 Drivers/STM32F7xx_HAL_Driver/Src/stm32f7xx_hal_tim.o
 .text.TIM_OC3_SetConfig
                0x0000000008003704       0x70 Drivers/STM32F7xx_HAL_Driver/Src/stm32f7xx_hal_tim.o
 .text.TIM_OC4_SetConfig
                0x0000000008003774       0x54 Drivers/STM32F7xx_HAL_Driver/Src/stm32f7xx_hal_tim.o
 .text.TIM_OC5_SetConfig
                0x00000000080037c8       0x54 Drivers/STM32F7xx_HAL_Driver/Src/stm32f7xx_hal_tim.o
 .text.TIM_OC6_SetConfig
                0x000000000800381c       0x54 Drivers/STM32F7xx_HAL_Driver/Src/stm32f7xx_hal_tim.o
 .text.TIM_TI1_ConfigInputStage
                0x0000000008003870       0x26 Drivers/STM32F7xx_HAL_Driver/Src/stm32f7xx_hal_tim.o
 .text.TIM_TI2_ConfigInputStage
                0x0000000008003896       0x28 Drivers/STM32F7xx_HAL_Driver/Src/stm32f7xx_hal_tim.o
 .text.TIM_ITRx_SetConfig
                0x00000000080038be       0x10 Drivers/STM32F7xx_HAL_Driver/Src/stm32f7xx_hal_tim.o
 .text.HAL_TIM_PWM_MspInit
                0x00000000080038ce        0x2 Drivers/STM32F7xx_HAL_Driver/Src/stm32f7xx_hal_tim.o
                0x00000000080038ce                HAL_TIM_PWM_MspInit
 .text.TIM_Base_SetConfig
                0x00000000080038d0      0x10c Drivers/STM32F7xx_HAL_Driver/Src/stm32f7xx_hal_tim.o
                0x00000000080038d0                TIM_Base_SetConfig
 .text.HAL_TIM_Base_Init
                0x00000000080039dc       0x5e Drivers/STM32F7xx_HAL_Driver/Src/stm32f7xx_hal_tim.o
                0x00000000080039dc                HAL_TIM_Base_Init
 .text.HAL_TIM_PWM_Init
                0x0000000008003a3a       0x5e Drivers/STM32F7xx_HAL_Driver/Src/stm32f7xx_hal_tim.o
                0x0000000008003a3a                HAL_TIM_PWM_Init
 .text.TIM_OC2_SetConfig
                0x0000000008003a98       0x70 Drivers/STM32F7xx_HAL_Driver/Src/stm32f7xx_hal_tim.o
                0x0000000008003a98                TIM_OC2_SetConfig
 .text.HAL_TIM_PWM_ConfigChannel
                0x0000000008003b08      0x13a Drivers/STM32F7xx_HAL_Driver/Src/stm32f7xx_hal_tim.o
                0x0000000008003b08                HAL_TIM_PWM_ConfigChannel
 .text.TIM_ETR_SetConfig
                0x0000000008003c42       0x18 Drivers/STM32F7xx_HAL_Driver/Src/stm32f7xx_hal_tim.o
                0x0000000008003c42                TIM_ETR_SetConfig
 *fill*         0x0000000008003c5a        0x2 
 .text.HAL_TIM_ConfigClockSource
                0x0000000008003c5c       0xf4 Drivers/STM32F7xx_HAL_Driver/Src/stm32f7xx_hal_tim.o
                0x0000000008003c5c                HAL_TIM_ConfigClockSource
 .text.TIM_CCxChannelCmd
                0x0000000008003d50       0x22 Drivers/STM32F7xx_HAL_Driver/Src/stm32f7xx_hal_tim.o
                0x0000000008003d50                TIM_CCxChannelCmd
 *fill*         0x0000000008003d72        0x2 
 .text.HAL_TIM_PWM_Start
                0x0000000008003d74      0x15c Drivers/STM32F7xx_HAL_Driver/Src/stm32f7xx_hal_tim.o
                0x0000000008003d74                HAL_TIM_PWM_Start
 .text.HAL_TIMEx_MasterConfigSynchronization
                0x0000000008003ed0       0xa0 Drivers/STM32F7xx_HAL_Driver/Src/stm32f7xx_hal_tim_ex.o
                0x0000000008003ed0                HAL_TIMEx_MasterConfigSynchronization
 .text.USB_CoreReset
                0x0000000008003f70       0x4c Drivers/STM32F7xx_HAL_Driver/Src/stm32f7xx_ll_usb.o
 .text.USB_CoreInit
                0x0000000008003fbc       0x7c Drivers/STM32F7xx_HAL_Driver/Src/stm32f7xx_ll_usb.o
                0x0000000008003fbc                USB_CoreInit
 .text.USB_SetTurnaroundTime
                0x0000000008004038       0xec Drivers/STM32F7xx_HAL_Driver/Src/stm32f7xx_ll_usb.o
                0x0000000008004038                USB_SetTurnaroundTime
 .text.USB_EnableGlobalInt
                0x0000000008004124        0xc Drivers/STM32F7xx_HAL_Driver/Src/stm32f7xx_ll_usb.o
                0x0000000008004124                USB_EnableGlobalInt
 .text.USB_DisableGlobalInt
                0x0000000008004130        0xc Drivers/STM32F7xx_HAL_Driver/Src/stm32f7xx_ll_usb.o
                0x0000000008004130                USB_DisableGlobalInt
 .text.USB_FlushTxFifo
                0x000000000800413c       0x4c Drivers/STM32F7xx_HAL_Driver/Src/stm32f7xx_ll_usb.o
                0x000000000800413c                USB_FlushTxFifo
 .text.USB_FlushRxFifo
                0x0000000008004188       0x48 Drivers/STM32F7xx_HAL_Driver/Src/stm32f7xx_ll_usb.o
                0x0000000008004188                USB_FlushRxFifo
 .text.USB_SetDevSpeed
                0x00000000080041d0        0xe Drivers/STM32F7xx_HAL_Driver/Src/stm32f7xx_ll_usb.o
                0x00000000080041d0                USB_SetDevSpeed
 *fill*         0x00000000080041de        0x2 
 .text.USB_DevInit
                0x00000000080041e0      0x188 Drivers/STM32F7xx_HAL_Driver/Src/stm32f7xx_ll_usb.o
                0x00000000080041e0                USB_DevInit
 .text.USB_GetDevSpeed
                0x0000000008004368       0x1e Drivers/STM32F7xx_HAL_Driver/Src/stm32f7xx_ll_usb.o
                0x0000000008004368                USB_GetDevSpeed
 *fill*         0x0000000008004386        0x2 
 .text.USB_ActivateEndpoint
                0x0000000008004388       0x90 Drivers/STM32F7xx_HAL_Driver/Src/stm32f7xx_ll_usb.o
                0x0000000008004388                USB_ActivateEndpoint
 .text.USB_DeactivateEndpoint
                0x0000000008004418       0xdc Drivers/STM32F7xx_HAL_Driver/Src/stm32f7xx_ll_usb.o
                0x0000000008004418                USB_DeactivateEndpoint
 .text.USB_EP0StartXfer
                0x00000000080044f4      0x118 Drivers/STM32F7xx_HAL_Driver/Src/stm32f7xx_ll_usb.o
                0x00000000080044f4                USB_EP0StartXfer
 .text.USB_WritePacket
                0x000000000800460c       0x28 Drivers/STM32F7xx_HAL_Driver/Src/stm32f7xx_ll_usb.o
                0x000000000800460c                USB_WritePacket
 .text.USB_EPStartXfer
                0x0000000008004634      0x218 Drivers/STM32F7xx_HAL_Driver/Src/stm32f7xx_ll_usb.o
                0x0000000008004634                USB_EPStartXfer
 .text.USB_ReadPacket
                0x000000000800484c       0x4e Drivers/STM32F7xx_HAL_Driver/Src/stm32f7xx_ll_usb.o
                0x000000000800484c                USB_ReadPacket
 .text.USB_EPSetStall
                0x000000000800489a       0x5a Drivers/STM32F7xx_HAL_Driver/Src/stm32f7xx_ll_usb.o
                0x000000000800489a                USB_EPSetStall
 .text.USB_EPClearStall
                0x00000000080048f4       0x5c Drivers/STM32F7xx_HAL_Driver/Src/stm32f7xx_ll_usb.o
                0x00000000080048f4                USB_EPClearStall
 .text.USB_SetDevAddress
                0x0000000008004950       0x20 Drivers/STM32F7xx_HAL_Driver/Src/stm32f7xx_ll_usb.o
                0x0000000008004950                USB_SetDevAddress
 .text.USB_DevConnect
                0x0000000008004970       0x1c Drivers/STM32F7xx_HAL_Driver/Src/stm32f7xx_ll_usb.o
                0x0000000008004970                USB_DevConnect
 .text.USB_DevDisconnect
                0x000000000800498c       0x1c Drivers/STM32F7xx_HAL_Driver/Src/stm32f7xx_ll_usb.o
                0x000000000800498c                USB_DevDisconnect
 .text.USB_ReadInterrupts
                0x00000000080049a8        0x8 Drivers/STM32F7xx_HAL_Driver/Src/stm32f7xx_ll_usb.o
                0x00000000080049a8                USB_ReadInterrupts
 .text.USB_ReadDevAllOutEpInterrupt
                0x00000000080049b0       0x10 Drivers/STM32F7xx_HAL_Driver/Src/stm32f7xx_ll_usb.o
                0x00000000080049b0                USB_ReadDevAllOutEpInterrupt
 .text.USB_ReadDevAllInEpInterrupt
                0x00000000080049c0       0x10 Drivers/STM32F7xx_HAL_Driver/Src/stm32f7xx_ll_usb.o
                0x00000000080049c0                USB_ReadDevAllInEpInterrupt
 .text.USB_ReadDevOutEPInterrupt
                0x00000000080049d0       0x12 Drivers/STM32F7xx_HAL_Driver/Src/stm32f7xx_ll_usb.o
                0x00000000080049d0                USB_ReadDevOutEPInterrupt
 .text.USB_ReadDevInEPInterrupt
                0x00000000080049e2       0x28 Drivers/STM32F7xx_HAL_Driver/Src/stm32f7xx_ll_usb.o
                0x00000000080049e2                USB_ReadDevInEPInterrupt
 .text.USB_GetMode
                0x0000000008004a0a        0x8 Drivers/STM32F7xx_HAL_Driver/Src/stm32f7xx_ll_usb.o
                0x0000000008004a0a                USB_GetMode
 .text.USB_SetCurrentMode
                0x0000000008004a12       0x62 Drivers/STM32F7xx_HAL_Driver/Src/stm32f7xx_ll_usb.o
                0x0000000008004a12                USB_SetCurrentMode
 .text.USB_ActivateSetup
                0x0000000008004a74       0x20 Drivers/STM32F7xx_HAL_Driver/Src/stm32f7xx_ll_usb.o
                0x0000000008004a74                USB_ActivateSetup
 .text.USB_EP0_OutStart
                0x0000000008004a94       0x60 Drivers/STM32F7xx_HAL_Driver/Src/stm32f7xx_ll_usb.o
                0x0000000008004a94                USB_EP0_OutStart
 .text.USBD_CDC_EP0_RxReady
                0x0000000008004af4       0x28 Middlewares/ST/STM32_USB_Device_Library/Class/CDC/Src/usbd_cdc.o
 .text.USBD_CDC_GetFSCfgDesc
                0x0000000008004b1c        0xc Middlewares/ST/STM32_USB_Device_Library/Class/CDC/Src/usbd_cdc.o
 .text.USBD_CDC_GetHSCfgDesc
                0x0000000008004b28        0xc Middlewares/ST/STM32_USB_Device_Library/Class/CDC/Src/usbd_cdc.o
 .text.USBD_CDC_GetOtherSpeedCfgDesc
                0x0000000008004b34        0xc Middlewares/ST/STM32_USB_Device_Library/Class/CDC/Src/usbd_cdc.o
 .text.USBD_CDC_GetDeviceQualifierDescriptor
                0x0000000008004b40        0xc Middlewares/ST/STM32_USB_Device_Library/Class/CDC/Src/usbd_cdc.o
                0x0000000008004b40                USBD_CDC_GetDeviceQualifierDescriptor
 .text.USBD_CDC_DataOut
                0x0000000008004b4c       0x2a Middlewares/ST/STM32_USB_Device_Library/Class/CDC/Src/usbd_cdc.o
 .text.USBD_CDC_DataIn
                0x0000000008004b76       0x66 Middlewares/ST/STM32_USB_Device_Library/Class/CDC/Src/usbd_cdc.o
 .text.USBD_CDC_Setup
                0x0000000008004bdc       0xe8 Middlewares/ST/STM32_USB_Device_Library/Class/CDC/Src/usbd_cdc.o
 .text.USBD_CDC_DeInit
                0x0000000008004cc4       0x48 Middlewares/ST/STM32_USB_Device_Library/Class/CDC/Src/usbd_cdc.o
 .text.USBD_CDC_Init
                0x0000000008004d0c       0xc2 Middlewares/ST/STM32_USB_Device_Library/Class/CDC/Src/usbd_cdc.o
 .text.USBD_CDC_RegisterInterface
                0x0000000008004dce        0xe Middlewares/ST/STM32_USB_Device_Library/Class/CDC/Src/usbd_cdc.o
                0x0000000008004dce                USBD_CDC_RegisterInterface
 .text.USBD_CDC_SetTxBuffer
                0x0000000008004ddc       0x10 Middlewares/ST/STM32_USB_Device_Library/Class/CDC/Src/usbd_cdc.o
                0x0000000008004ddc                USBD_CDC_SetTxBuffer
 .text.USBD_CDC_SetRxBuffer
                0x0000000008004dec        0xc Middlewares/ST/STM32_USB_Device_Library/Class/CDC/Src/usbd_cdc.o
                0x0000000008004dec                USBD_CDC_SetRxBuffer
 .text.USBD_CDC_ReceivePacket
                0x0000000008004df8       0x32 Middlewares/ST/STM32_USB_Device_Library/Class/CDC/Src/usbd_cdc.o
                0x0000000008004df8                USBD_CDC_ReceivePacket
 .text.USBD_Init
                0x0000000008004e2a       0x38 Middlewares/ST/STM32_USB_Device_Library/Core/Src/usbd_core.o
                0x0000000008004e2a                USBD_Init
 .text.USBD_RegisterClass
                0x0000000008004e62       0x28 Middlewares/ST/STM32_USB_Device_Library/Core/Src/usbd_core.o
                0x0000000008004e62                USBD_RegisterClass
 .text.USBD_Start
                0x0000000008004e8a        0x8 Middlewares/ST/STM32_USB_Device_Library/Core/Src/usbd_core.o
                0x0000000008004e8a                USBD_Start
 .text.USBD_SetClassConfig
                0x0000000008004e92       0x12 Middlewares/ST/STM32_USB_Device_Library/Core/Src/usbd_core.o
                0x0000000008004e92                USBD_SetClassConfig
 .text.USBD_ClrClassConfig
                0x0000000008004ea4       0x10 Middlewares/ST/STM32_USB_Device_Library/Core/Src/usbd_core.o
                0x0000000008004ea4                USBD_ClrClassConfig
 .text.USBD_LL_SetupStage
                0x0000000008004eb4       0x58 Middlewares/ST/STM32_USB_Device_Library/Core/Src/usbd_core.o
                0x0000000008004eb4                USBD_LL_SetupStage
 .text.USBD_LL_DataOutStage
                0x0000000008004f0c       0x72 Middlewares/ST/STM32_USB_Device_Library/Core/Src/usbd_core.o
                0x0000000008004f0c                USBD_LL_DataOutStage
 .text.USBD_LL_DataInStage
                0x0000000008004f7e       0xb6 Middlewares/ST/STM32_USB_Device_Library/Core/Src/usbd_core.o
                0x0000000008004f7e                USBD_LL_DataInStage
 .text.USBD_LL_Reset
                0x0000000008005034       0x52 Middlewares/ST/STM32_USB_Device_Library/Core/Src/usbd_core.o
                0x0000000008005034                USBD_LL_Reset
 .text.USBD_LL_SetSpeed
                0x0000000008005086        0x6 Middlewares/ST/STM32_USB_Device_Library/Core/Src/usbd_core.o
                0x0000000008005086                USBD_LL_SetSpeed
 .text.USBD_LL_Suspend
                0x000000000800508c       0x12 Middlewares/ST/STM32_USB_Device_Library/Core/Src/usbd_core.o
                0x000000000800508c                USBD_LL_Suspend
 .text.USBD_LL_Resume
                0x000000000800509e       0x16 Middlewares/ST/STM32_USB_Device_Library/Core/Src/usbd_core.o
                0x000000000800509e                USBD_LL_Resume
 .text.USBD_LL_SOF
                0x00000000080050b4       0x1c Middlewares/ST/STM32_USB_Device_Library/Core/Src/usbd_core.o
                0x00000000080050b4                USBD_LL_SOF
 .text.USBD_LL_IsoINIncomplete
                0x00000000080050d0        0x4 Middlewares/ST/STM32_USB_Device_Library/Core/Src/usbd_core.o
                0x00000000080050d0                USBD_LL_IsoINIncomplete
 .text.USBD_LL_IsoOUTIncomplete
                0x00000000080050d4        0x4 Middlewares/ST/STM32_USB_Device_Library/Core/Src/usbd_core.o
                0x00000000080050d4                USBD_LL_IsoOUTIncomplete
 .text.USBD_LL_DevConnected
                0x00000000080050d8        0x4 Middlewares/ST/STM32_USB_Device_Library/Core/Src/usbd_core.o
                0x00000000080050d8                USBD_LL_DevConnected
 .text.USBD_LL_DevDisconnected
                0x00000000080050dc       0x18 Middlewares/ST/STM32_USB_Device_Library/Core/Src/usbd_core.o
                0x00000000080050dc                USBD_LL_DevDisconnected
 .text.USBD_GetLen
                0x00000000080050f4       0x14 Middlewares/ST/STM32_USB_Device_Library/Core/Src/usbd_ctlreq.o
 .text.USBD_SetFeature
                0x0000000008005108       0x14 Middlewares/ST/STM32_USB_Device_Library/Core/Src/usbd_ctlreq.o
 .text.USBD_ParseSetupRequest
                0x000000000800511c       0x28 Middlewares/ST/STM32_USB_Device_Library/Core/Src/usbd_ctlreq.o
                0x000000000800511c                USBD_ParseSetupRequest
 .text.USBD_CtlError
                0x0000000008005144       0x14 Middlewares/ST/STM32_USB_Device_Library/Core/Src/usbd_ctlreq.o
                0x0000000008005144                USBD_CtlError
 .text.USBD_GetDescriptor
                0x0000000008005158      0x1ac Middlewares/ST/STM32_USB_Device_Library/Core/Src/usbd_ctlreq.o
 .text.USBD_SetAddress
                0x0000000008005304       0x4e Middlewares/ST/STM32_USB_Device_Library/Core/Src/usbd_ctlreq.o
 *fill*         0x0000000008005352        0x2 
 .text.USBD_SetConfig
                0x0000000008005354       0xc8 Middlewares/ST/STM32_USB_Device_Library/Core/Src/usbd_ctlreq.o
 .text.USBD_GetConfig
                0x000000000800541c       0x3c Middlewares/ST/STM32_USB_Device_Library/Core/Src/usbd_ctlreq.o
 .text.USBD_GetStatus
                0x0000000008005458       0x38 Middlewares/ST/STM32_USB_Device_Library/Core/Src/usbd_ctlreq.o
 .text.USBD_ClrFeature
                0x0000000008005490       0x26 Middlewares/ST/STM32_USB_Device_Library/Core/Src/usbd_ctlreq.o
 .text.USBD_StdDevReq
                0x00000000080054b6       0x76 Middlewares/ST/STM32_USB_Device_Library/Core/Src/usbd_ctlreq.o
                0x00000000080054b6                USBD_StdDevReq
 .text.USBD_StdItfReq
                0x000000000800552c       0x68 Middlewares/ST/STM32_USB_Device_Library/Core/Src/usbd_ctlreq.o
                0x000000000800552c                USBD_StdItfReq
 .text.USBD_StdEPReq
                0x0000000008005594      0x230 Middlewares/ST/STM32_USB_Device_Library/Core/Src/usbd_ctlreq.o
                0x0000000008005594                USBD_StdEPReq
 .text.USBD_GetString
                0x00000000080057c4       0x38 Middlewares/ST/STM32_USB_Device_Library/Core/Src/usbd_ctlreq.o
                0x00000000080057c4                USBD_GetString
 .text.USBD_CtlSendData
                0x00000000080057fc       0x1a Middlewares/ST/STM32_USB_Device_Library/Core/Src/usbd_ioreq.o
                0x00000000080057fc                USBD_CtlSendData
 .text.USBD_CtlContinueSendData
                0x0000000008005816       0x10 Middlewares/ST/STM32_USB_Device_Library/Core/Src/usbd_ioreq.o
                0x0000000008005816                USBD_CtlContinueSendData
 .text.USBD_CtlPrepareRx
                0x0000000008005826       0x1e Middlewares/ST/STM32_USB_Device_Library/Core/Src/usbd_ioreq.o
                0x0000000008005826                USBD_CtlPrepareRx
 .text.USBD_CtlContinueRx
                0x0000000008005844       0x10 Middlewares/ST/STM32_USB_Device_Library/Core/Src/usbd_ioreq.o
                0x0000000008005844                USBD_CtlContinueRx
 .text.USBD_CtlSendStatus
                0x0000000008005854       0x16 Middlewares/ST/STM32_USB_Device_Library/Core/Src/usbd_ioreq.o
                0x0000000008005854                USBD_CtlSendStatus
 .text.USBD_CtlReceiveStatus
                0x000000000800586a       0x16 Middlewares/ST/STM32_USB_Device_Library/Core/Src/usbd_ioreq.o
                0x000000000800586a                USBD_CtlReceiveStatus
 .text.GUI_X_Config
                0x0000000008005880       0x1c Src/GUIConf.o
                0x0000000008005880                GUI_X_Config
 .text.GUI_X_GetTime
                0x000000000800589c        0xc Src/GUI_X.o
                0x000000000800589c                GUI_X_GetTime
 .text.GUI_X_Delay
                0x00000000080058a8       0x18 Src/GUI_X.o
                0x00000000080058a8                GUI_X_Delay
 .text.GUI_X_Init
                0x00000000080058c0        0x2 Src/GUI_X.o
                0x00000000080058c0                GUI_X_Init
 .text.GUI_TOUCH_X_ActivateX
                0x00000000080058c2        0x2 Src/LCDConf.o
                0x00000000080058c2                GUI_TOUCH_X_ActivateX
 .text.GUI_TOUCH_X_ActivateY
                0x00000000080058c4        0x2 Src/LCDConf.o
                0x00000000080058c4                GUI_TOUCH_X_ActivateY
 .text.GUI_TOUCH_X_MeasureX
                0x00000000080058c6        0x8 Src/LCDConf.o
                0x00000000080058c6                GUI_TOUCH_X_MeasureX
 .text.GUI_TOUCH_X_MeasureY
                0x00000000080058ce        0x8 Src/LCDConf.o
                0x00000000080058ce                GUI_TOUCH_X_MeasureY
 *fill*         0x00000000080058d6        0x2 
 .text.LCD_X_Config
                0x00000000080058d8       0xb0 Src/LCDConf.o
                0x00000000080058d8                LCD_X_Config
 .text.LCD_X_DisplayDriver
                0x0000000008005988       0x18 Src/LCDConf.o
                0x0000000008005988                LCD_X_DisplayDriver
 .text.MX_GPIO_Init
                0x00000000080059a0       0xac Src/main.o
 .text.MX_I2C1_Init
                0x0000000008005a4c       0x44 Src/main.o
 .text.MX_TIM4_Init
                0x0000000008005a90       0x84 Src/main.o
 .text.set_buzzer
                0x0000000008005b14       0x20 Src/main.o
                0x0000000008005b14                set_buzzer
 .text.HAL_SYSTICK_Callback
                0x0000000008005b34       0x10 Src/main.o
                0x0000000008005b34                HAL_SYSTICK_Callback
 .text.DrawNoteText
                0x0000000008005b44       0x3c Src/main.o
                0x0000000008005b44                DrawNoteText
 .text.DrawWhiteKey
                0x0000000008005b80       0x1e Src/main.o
                0x0000000008005b80                DrawWhiteKey
 .text.DrawBlackKey
                0x0000000008005b9e       0x3e Src/main.o
                0x0000000008005b9e                DrawBlackKey
 .text.DrawPianoKeys
                0x0000000008005bdc       0xe0 Src/main.o
                0x0000000008005bdc                DrawPianoKeys
 .text.process_touch
                0x0000000008005cbc      0x3ec Src/main.o
                0x0000000008005cbc                process_touch
 .text.SystemClock_Config
                0x00000000080060a8       0xb4 Src/main.o
                0x00000000080060a8                SystemClock_Config
 .text.main     0x000000000800615c       0x68 Src/main.o
                0x000000000800615c                main
 .text.Error_Handler
                0x00000000080061c4        0x2 Src/main.o
                0x00000000080061c4                Error_Handler
 *fill*         0x00000000080061c6        0x2 
 .text.HAL_TIM_MspPostInit
                0x00000000080061c8       0x54 Src/stm32f7xx_hal_msp.o
                0x00000000080061c8                HAL_TIM_MspPostInit
 .text.HAL_MspInit
                0x000000000800621c       0x30 Src/stm32f7xx_hal_msp.o
                0x000000000800621c                HAL_MspInit
 .text.HAL_I2C_MspInit
                0x000000000800624c       0x6c Src/stm32f7xx_hal_msp.o
                0x000000000800624c                HAL_I2C_MspInit
 .text.HAL_TIM_Base_MspInit
                0x00000000080062b8       0x60 Src/stm32f7xx_hal_msp.o
                0x00000000080062b8                HAL_TIM_Base_MspInit
 .text.NMI_Handler
                0x0000000008006318        0x2 Src/stm32f7xx_it.o
                0x0000000008006318                NMI_Handler
 .text.HardFault_Handler
                0x000000000800631a        0x2 Src/stm32f7xx_it.o
                0x000000000800631a                HardFault_Handler
 .text.MemManage_Handler
                0x000000000800631c        0x2 Src/stm32f7xx_it.o
                0x000000000800631c                MemManage_Handler
 .text.BusFault_Handler
                0x000000000800631e        0x2 Src/stm32f7xx_it.o
                0x000000000800631e                BusFault_Handler
 .text.UsageFault_Handler
                0x0000000008006320        0x2 Src/stm32f7xx_it.o
                0x0000000008006320                UsageFault_Handler
 .text.SVC_Handler
                0x0000000008006322        0x2 Src/stm32f7xx_it.o
                0x0000000008006322                SVC_Handler
 .text.DebugMon_Handler
                0x0000000008006324        0x2 Src/stm32f7xx_it.o
                0x0000000008006324                DebugMon_Handler
 .text.PendSV_Handler
                0x0000000008006326        0x2 Src/stm32f7xx_it.o
                0x0000000008006326                PendSV_Handler
 .text.SysTick_Handler
                0x0000000008006328        0xc Src/stm32f7xx_it.o
                0x0000000008006328                SysTick_Handler
 .text.OTG_FS_IRQHandler
                0x0000000008006334       0x10 Src/stm32f7xx_it.o
                0x0000000008006334                OTG_FS_IRQHandler
 .text._sbrk    0x0000000008006344       0x3c Src/sysmem.o
                0x0000000008006344                _sbrk
 .text.SystemInit
                0x0000000008006380       0x14 Src/system_stm32f7xx.o
                0x0000000008006380                SystemInit
 .text.MX_USB_DEVICE_Init
                0x0000000008006394       0x54 Src/usb_device.o
                0x0000000008006394                MX_USB_DEVICE_Init
 .text.CDC_DeInit_FS
                0x00000000080063e8        0x4 Src/usbd_cdc_if.o
 .text.CDC_Control_FS
                0x00000000080063ec        0x4 Src/usbd_cdc_if.o
 .text.CDC_TransmitCplt_FS
                0x00000000080063f0        0x4 Src/usbd_cdc_if.o
 .text.CDC_Receive_FS
                0x00000000080063f4       0x1c Src/usbd_cdc_if.o
 .text.CDC_Init_FS
                0x0000000008006410       0x28 Src/usbd_cdc_if.o
 .text.SystemClockConfig_Resume
                0x0000000008006438        0x8 Src/usbd_conf.o
 .text.HAL_PCD_MspInit
                0x0000000008006440       0x88 Src/usbd_conf.o
                0x0000000008006440                HAL_PCD_MspInit
 .text.HAL_PCD_SetupStageCallback
                0x00000000080064c8       0x10 Src/usbd_conf.o
                0x00000000080064c8                HAL_PCD_SetupStageCallback
 .text.HAL_PCD_DataOutStageCallback
                0x00000000080064d8       0x18 Src/usbd_conf.o
                0x00000000080064d8                HAL_PCD_DataOutStageCallback
 .text.HAL_PCD_DataInStageCallback
                0x00000000080064f0       0x16 Src/usbd_conf.o
                0x00000000080064f0                HAL_PCD_DataInStageCallback
 .text.HAL_PCD_SOFCallback
                0x0000000008006506        0xc Src/usbd_conf.o
                0x0000000008006506                HAL_PCD_SOFCallback
 .text.HAL_PCD_ResetCallback
                0x0000000008006512       0x2c Src/usbd_conf.o
                0x0000000008006512                HAL_PCD_ResetCallback
 *fill*         0x000000000800653e        0x2 
 .text.HAL_PCD_SuspendCallback
                0x0000000008006540       0x30 Src/usbd_conf.o
                0x0000000008006540                HAL_PCD_SuspendCallback
 .text.HAL_PCD_ResumeCallback
                0x0000000008006570        0xc Src/usbd_conf.o
                0x0000000008006570                HAL_PCD_ResumeCallback
 .text.HAL_PCD_ISOOUTIncompleteCallback
                0x000000000800657c        0xc Src/usbd_conf.o
                0x000000000800657c                HAL_PCD_ISOOUTIncompleteCallback
 .text.HAL_PCD_ISOINIncompleteCallback
                0x0000000008006588        0xc Src/usbd_conf.o
                0x0000000008006588                HAL_PCD_ISOINIncompleteCallback
 .text.HAL_PCD_ConnectCallback
                0x0000000008006594        0xc Src/usbd_conf.o
                0x0000000008006594                HAL_PCD_ConnectCallback
 .text.HAL_PCD_DisconnectCallback
                0x00000000080065a0        0xc Src/usbd_conf.o
                0x00000000080065a0                HAL_PCD_DisconnectCallback
 .text.USBD_LL_Init
                0x00000000080065ac       0x68 Src/usbd_conf.o
                0x00000000080065ac                USBD_LL_Init
 .text.USBD_LL_IsStallEP
                0x0000000008006614       0x2e Src/usbd_conf.o
                0x0000000008006614                USBD_LL_IsStallEP
 .text.USBD_LL_GetRxDataSize
                0x0000000008006642        0xc Src/usbd_conf.o
                0x0000000008006642                USBD_LL_GetRxDataSize
 *fill*         0x000000000800664e        0x2 
 .text.HAL_PCDEx_LPM_Callback
                0x0000000008006650       0x64 Src/usbd_conf.o
                0x0000000008006650                HAL_PCDEx_LPM_Callback
 .text.USBD_Get_USB_Status
                0x00000000080066b4       0x12 Src/usbd_conf.o
                0x00000000080066b4                USBD_Get_USB_Status
 .text.USBD_LL_Start
                0x00000000080066c6       0x10 Src/usbd_conf.o
                0x00000000080066c6                USBD_LL_Start
 .text.USBD_LL_OpenEP
                0x00000000080066d6       0x16 Src/usbd_conf.o
                0x00000000080066d6                USBD_LL_OpenEP
 .text.USBD_LL_CloseEP
                0x00000000080066ec       0x10 Src/usbd_conf.o
                0x00000000080066ec                USBD_LL_CloseEP
 .text.USBD_LL_StallEP
                0x00000000080066fc       0x10 Src/usbd_conf.o
                0x00000000080066fc                USBD_LL_StallEP
 .text.USBD_LL_ClearStallEP
                0x000000000800670c       0x10 Src/usbd_conf.o
                0x000000000800670c                USBD_LL_ClearStallEP
 .text.USBD_LL_SetUSBAddress
                0x000000000800671c       0x10 Src/usbd_conf.o
                0x000000000800671c                USBD_LL_SetUSBAddress
 .text.USBD_LL_Transmit
                0x000000000800672c       0x10 Src/usbd_conf.o
                0x000000000800672c                USBD_LL_Transmit
 .text.USBD_LL_PrepareReceive
                0x000000000800673c       0x10 Src/usbd_conf.o
                0x000000000800673c                USBD_LL_PrepareReceive
 .text.USBD_FS_DeviceDescriptor
                0x000000000800674c        0xc Src/usbd_desc.o
                0x000000000800674c                USBD_FS_DeviceDescriptor
 .text.USBD_FS_LangIDStrDescriptor
                0x0000000008006758        0xc Src/usbd_desc.o
                0x0000000008006758                USBD_FS_LangIDStrDescriptor
 .text.USBD_FS_USR_BOSDescriptor
                0x0000000008006764        0xc Src/usbd_desc.o
                0x0000000008006764                USBD_FS_USR_BOSDescriptor
 .text.IntToUnicode
                0x0000000008006770       0x36 Src/usbd_desc.o
 *fill*         0x00000000080067a6        0x2 
 .text.Get_SerialNum
                0x00000000080067a8       0x34 Src/usbd_desc.o
 .text.USBD_FS_SerialStrDescriptor
                0x00000000080067dc       0x14 Src/usbd_desc.o
                0x00000000080067dc                USBD_FS_SerialStrDescriptor
 .text.USBD_FS_ProductStrDescriptor
                0x00000000080067f0       0x24 Src/usbd_desc.o
                0x00000000080067f0                USBD_FS_ProductStrDescriptor
 .text.USBD_FS_ManufacturerStrDescriptor
                0x0000000008006814       0x1c Src/usbd_desc.o
                0x0000000008006814                USBD_FS_ManufacturerStrDescriptor
 .text.USBD_FS_ConfigStrDescriptor
                0x0000000008006830       0x24 Src/usbd_desc.o
                0x0000000008006830                USBD_FS_ConfigStrDescriptor
 .text.USBD_FS_InterfaceStrDescriptor
                0x0000000008006854       0x24 Src/usbd_desc.o
                0x0000000008006854                USBD_FS_InterfaceStrDescriptor
 .text.Reset_Handler
                0x0000000008006878       0x50 Startup/startup_stm32f746zgtx.o
                0x0000000008006878                Reset_Handler
 .text.Default_Handler
                0x00000000080068c8        0x2 Startup/startup_stm32f746zgtx.o
                0x00000000080068c8                RTC_Alarm_IRQHandler
                0x00000000080068c8                EXTI2_IRQHandler
                0x00000000080068c8                TIM8_CC_IRQHandler
                0x00000000080068c8                UART8_IRQHandler
                0x00000000080068c8                SPI4_IRQHandler
                0x00000000080068c8                TIM1_CC_IRQHandler
                0x00000000080068c8                DMA2_Stream5_IRQHandler
                0x00000000080068c8                DMA1_Stream5_IRQHandler
                0x00000000080068c8                PVD_IRQHandler
                0x00000000080068c8                TAMP_STAMP_IRQHandler
                0x00000000080068c8                CAN2_RX1_IRQHandler
                0x00000000080068c8                EXTI3_IRQHandler
                0x00000000080068c8                TIM8_TRG_COM_TIM14_IRQHandler
                0x00000000080068c8                TIM1_UP_TIM10_IRQHandler
                0x00000000080068c8                TIM8_UP_TIM13_IRQHandler
                0x00000000080068c8                I2C3_ER_IRQHandler
                0x00000000080068c8                EXTI0_IRQHandler
                0x00000000080068c8                I2C2_EV_IRQHandler
                0x00000000080068c8                DMA1_Stream2_IRQHandler
                0x00000000080068c8                CAN1_RX0_IRQHandler
                0x00000000080068c8                FPU_IRQHandler
                0x00000000080068c8                OTG_HS_WKUP_IRQHandler
                0x00000000080068c8                LTDC_ER_IRQHandler
                0x00000000080068c8                CAN2_SCE_IRQHandler
                0x00000000080068c8                DMA2_Stream2_IRQHandler
                0x00000000080068c8                SPI1_IRQHandler
                0x00000000080068c8                TIM6_DAC_IRQHandler
                0x00000000080068c8                TIM1_BRK_TIM9_IRQHandler
                0x00000000080068c8                DCMI_IRQHandler
                0x00000000080068c8                CAN2_RX0_IRQHandler
                0x00000000080068c8                DMA2_Stream3_IRQHandler
                0x00000000080068c8                SAI2_IRQHandler
                0x00000000080068c8                USART6_IRQHandler
                0x00000000080068c8                USART3_IRQHandler
                0x00000000080068c8                CAN1_RX1_IRQHandler
                0x00000000080068c8                UART5_IRQHandler
                0x00000000080068c8                DMA2_Stream0_IRQHandler
                0x00000000080068c8                TIM4_IRQHandler
                0x00000000080068c8                QUADSPI_IRQHandler
                0x00000000080068c8                I2C1_EV_IRQHandler
                0x00000000080068c8                DMA1_Stream6_IRQHandler
                0x00000000080068c8                DMA1_Stream1_IRQHandler
                0x00000000080068c8                UART4_IRQHandler
                0x00000000080068c8                TIM3_IRQHandler
                0x00000000080068c8                RCC_IRQHandler
                0x00000000080068c8                TIM8_BRK_TIM12_IRQHandler
                0x00000000080068c8                Default_Handler
                0x00000000080068c8                CEC_IRQHandler
                0x00000000080068c8                EXTI15_10_IRQHandler
                0x00000000080068c8                ADC_IRQHandler
                0x00000000080068c8                DMA1_Stream7_IRQHandler
                0x00000000080068c8                SPI5_IRQHandler
                0x00000000080068c8                TIM7_IRQHandler
                0x00000000080068c8                SDMMC1_IRQHandler
                0x00000000080068c8                CAN2_TX_IRQHandler
                0x00000000080068c8                TIM5_IRQHandler
                0x00000000080068c8                DMA2_Stream7_IRQHandler
                0x00000000080068c8                I2C3_EV_IRQHandler
                0x00000000080068c8                EXTI9_5_IRQHandler
                0x00000000080068c8                RTC_WKUP_IRQHandler
                0x00000000080068c8                LTDC_IRQHandler
                0x00000000080068c8                ETH_WKUP_IRQHandler
                0x00000000080068c8                SPDIF_RX_IRQHandler
                0x00000000080068c8                SPI2_IRQHandler
                0x00000000080068c8                OTG_HS_EP1_IN_IRQHandler
                0x00000000080068c8                DMA1_Stream0_IRQHandler
                0x00000000080068c8                CAN1_TX_IRQHandler
                0x00000000080068c8                EXTI4_IRQHandler
                0x00000000080068c8                RNG_IRQHandler
                0x00000000080068c8                ETH_IRQHandler
                0x00000000080068c8                OTG_HS_EP1_OUT_IRQHandler
                0x00000000080068c8                WWDG_IRQHandler
                0x00000000080068c8                SPI6_IRQHandler
                0x00000000080068c8                I2C4_EV_IRQHandler
                0x00000000080068c8                TIM2_IRQHandler
                0x00000000080068c8                OTG_FS_WKUP_IRQHandler
                0x00000000080068c8                TIM1_TRG_COM_TIM11_IRQHandler
                0x00000000080068c8                OTG_HS_IRQHandler
                0x00000000080068c8                DMA2D_IRQHandler
                0x00000000080068c8                EXTI1_IRQHandler
                0x00000000080068c8                UART7_IRQHandler
                0x00000000080068c8                USART2_IRQHandler
                0x00000000080068c8                I2C2_ER_IRQHandler
                0x00000000080068c8                DMA2_Stream1_IRQHandler
                0x00000000080068c8                CAN1_SCE_IRQHandler
                0x00000000080068c8                FLASH_IRQHandler
                0x00000000080068c8                DMA2_Stream4_IRQHandler
                0x00000000080068c8                USART1_IRQHandler
                0x00000000080068c8                SPI3_IRQHandler
                0x00000000080068c8                DMA1_Stream4_IRQHandler
                0x00000000080068c8                I2C1_ER_IRQHandler
                0x00000000080068c8                FMC_IRQHandler
                0x00000000080068c8                LPTIM1_IRQHandler
                0x00000000080068c8                I2C4_ER_IRQHandler
                0x00000000080068c8                DMA2_Stream6_IRQHandler
                0x00000000080068c8                SAI1_IRQHandler
                0x00000000080068c8                DMA1_Stream3_IRQHandler
 .text._SetPhysRAMAddr
                0x00000000080068ca       0xc0 ../STemWinLib/Lib\libSTemWIN532_CM7_GCC.a(GUIDRV_FlexColor_Func66720.o)
 .text._SetRect
                0x000000000800698a      0x176 ../STemWinLib/Lib\libSTemWIN532_CM7_GCC.a(GUIDRV_FlexColor_Func66720.o)
 .text._SetOrientation
                0x0000000008006b00       0x3c ../STemWinLib/Lib\libSTemWIN532_CM7_GCC.a(GUIDRV_FlexColor_Func66720.o)
 .text._ReadPixel_16bpp_B8
                0x0000000008006b3c       0x38 ../STemWinLib/Lib\libSTemWIN532_CM7_GCC.a(GUIDRV_FlexColor_Func66720.o)
 .text._ReadPixel_16bpp_B16_I
                0x0000000008006b74       0x3e ../STemWinLib/Lib\libSTemWIN532_CM7_GCC.a(GUIDRV_FlexColor_Func66720.o)
 .text._SetReg_B8
                0x0000000008006bb2       0x18 ../STemWinLib/Lib\libSTemWIN532_CM7_GCC.a(GUIDRV_FlexColor_Func66720.o)
 .text._SetReg_B16
                0x0000000008006bca        0xc ../STemWinLib/Lib\libSTemWIN532_CM7_GCC.a(GUIDRV_FlexColor_Func66720.o)
 .text._WritePara_B8
                0x0000000008006bd6        0xc ../STemWinLib/Lib\libSTemWIN532_CM7_GCC.a(GUIDRV_FlexColor_Func66720.o)
 .text._WritePara_B16
                0x0000000008006be2        0xc ../STemWinLib/Lib\libSTemWIN532_CM7_GCC.a(GUIDRV_FlexColor_Func66720.o)
 *fill*         0x0000000008006bee        0x2 
 .text._SetInterface
                0x0000000008006bf0       0x34 ../STemWinLib/Lib\libSTemWIN532_CM7_GCC.a(GUIDRV_FlexColor_Func66720.o)
 .text._ReadRect_16bpp_B8
                0x0000000008006c24       0x60 ../STemWinLib/Lib\libSTemWIN532_CM7_GCC.a(GUIDRV_FlexColor_Func66720.o)
 .text._ReadRect_16bpp_B16_I
                0x0000000008006c84       0x62 ../STemWinLib/Lib\libSTemWIN532_CM7_GCC.a(GUIDRV_FlexColor_Func66720.o)
 *fill*         0x0000000008006ce6        0x2 
 .text.GUIDRV_FlexColor_SetFunc66720
                0x0000000008006ce8       0x74 ../STemWinLib/Lib\libSTemWIN532_CM7_GCC.a(GUIDRV_FlexColor_Func66720.o)
                0x0000000008006ce8                GUIDRV_FlexColor_SetFunc66720
 .text._ReadData
                0x0000000008006d5c        0xa ../STemWinLib/Lib\libSTemWIN532_CM7_GCC.a(GUIDRV_FlexColor_16bpp_C0B16.o)
 .text._WriteData
                0x0000000008006d66        0xc ../STemWinLib/Lib\libSTemWIN532_CM7_GCC.a(GUIDRV_FlexColor_16bpp_C0B16.o)
 *fill*         0x0000000008006d72        0x2 
 .text._FillRect
                0x0000000008006d74      0x100 ../STemWinLib/Lib\libSTemWIN532_CM7_GCC.a(GUIDRV_FlexColor_16bpp_C0B16.o)
 .text._DrawBitmap
                0x0000000008006e74      0x510 ../STemWinLib/Lib\libSTemWIN532_CM7_GCC.a(GUIDRV_FlexColor_16bpp_C0B16.o)
 .text.GUIDRV_FlexColor_SetMode16bppC0B16
                0x0000000008007384       0x68 ../STemWinLib/Lib\libSTemWIN532_CM7_GCC.a(GUIDRV_FlexColor_16bpp_C0B16.o)
                0x0000000008007384                GUIDRV_FlexColor_SetMode16bppC0B16
 .text._Log2PhysX_X0Y0S0
                0x00000000080073ec        0x4 ../STemWinLib/Lib\libSTemWIN532_CM7_GCC.a(GUIDRV_FlexColor.o)
 .text._Log2PhysX_X1Y0S0
                0x00000000080073f0        0x8 ../STemWinLib/Lib\libSTemWIN532_CM7_GCC.a(GUIDRV_FlexColor.o)
 .text._Log2PhysX_X0Y1S0
                0x00000000080073f8        0x4 ../STemWinLib/Lib\libSTemWIN532_CM7_GCC.a(GUIDRV_FlexColor.o)
 .text._Log2PhysX_X1Y1S0
                0x00000000080073fc        0x8 ../STemWinLib/Lib\libSTemWIN532_CM7_GCC.a(GUIDRV_FlexColor.o)
 .text._Log2PhysX_X0Y0S1
                0x0000000008007404        0x4 ../STemWinLib/Lib\libSTemWIN532_CM7_GCC.a(GUIDRV_FlexColor.o)
 .text._Log2PhysX_X1Y0S1
                0x0000000008007408        0x8 ../STemWinLib/Lib\libSTemWIN532_CM7_GCC.a(GUIDRV_FlexColor.o)
 .text._Log2PhysX_X0Y1S1
                0x0000000008007410        0x4 ../STemWinLib/Lib\libSTemWIN532_CM7_GCC.a(GUIDRV_FlexColor.o)
 .text._Log2PhysX_X1Y1S1
                0x0000000008007414        0x8 ../STemWinLib/Lib\libSTemWIN532_CM7_GCC.a(GUIDRV_FlexColor.o)
 .text._Log2PhysY_X0Y0S0
                0x000000000800741c        0x4 ../STemWinLib/Lib\libSTemWIN532_CM7_GCC.a(GUIDRV_FlexColor.o)
 .text._Log2PhysY_X1Y0S0
                0x0000000008007420        0x4 ../STemWinLib/Lib\libSTemWIN532_CM7_GCC.a(GUIDRV_FlexColor.o)
 .text._Log2PhysY_X0Y1S0
                0x0000000008007424        0x8 ../STemWinLib/Lib\libSTemWIN532_CM7_GCC.a(GUIDRV_FlexColor.o)
 .text._Log2PhysY_X1Y1S0
                0x000000000800742c        0x8 ../STemWinLib/Lib\libSTemWIN532_CM7_GCC.a(GUIDRV_FlexColor.o)
 .text._Log2PhysY_X0Y0S1
                0x0000000008007434        0x4 ../STemWinLib/Lib\libSTemWIN532_CM7_GCC.a(GUIDRV_FlexColor.o)
 .text._Log2PhysY_X1Y0S1
                0x0000000008007438        0x4 ../STemWinLib/Lib\libSTemWIN532_CM7_GCC.a(GUIDRV_FlexColor.o)
 .text._Log2PhysY_X0Y1S1
                0x000000000800743c        0x8 ../STemWinLib/Lib\libSTemWIN532_CM7_GCC.a(GUIDRV_FlexColor.o)
 .text._Log2PhysY_X1Y1S1
                0x0000000008007444        0x8 ../STemWinLib/Lib\libSTemWIN532_CM7_GCC.a(GUIDRV_FlexColor.o)
 .text._SetPixelIndex
                0x000000000800744c        0xc ../STemWinLib/Lib\libSTemWIN532_CM7_GCC.a(GUIDRV_FlexColor.o)
 .text._GetPixelIndex
                0x0000000008007458        0xc ../STemWinLib/Lib\libSTemWIN532_CM7_GCC.a(GUIDRV_FlexColor.o)
 .text._XorPixel
                0x0000000008007464       0x28 ../STemWinLib/Lib\libSTemWIN532_CM7_GCC.a(GUIDRV_FlexColor.o)
 .text._DrawHLine
                0x000000000800748c       0x10 ../STemWinLib/Lib\libSTemWIN532_CM7_GCC.a(GUIDRV_FlexColor.o)
 .text._DrawVLine
                0x000000000800749c       0x12 ../STemWinLib/Lib\libSTemWIN532_CM7_GCC.a(GUIDRV_FlexColor.o)
 .text._FillRect
                0x00000000080074ae       0x12 ../STemWinLib/Lib\libSTemWIN532_CM7_GCC.a(GUIDRV_FlexColor.o)
 .text._DrawBitmap
                0x00000000080074c0       0x28 ../STemWinLib/Lib\libSTemWIN532_CM7_GCC.a(GUIDRV_FlexColor.o)
 .text._GetDevFunc_SetRect
                0x00000000080074e8        0x2 ../STemWinLib/Lib\libSTemWIN532_CM7_GCC.a(GUIDRV_FlexColor.o)
 *fill*         0x00000000080074ea        0x2 
 .text._GetDevFunc_SetRectOutside
                0x00000000080074ec       0x40 ../STemWinLib/Lib\libSTemWIN532_CM7_GCC.a(GUIDRV_FlexColor.o)
 .text._ReadPixelCust_16bpp
                0x000000000800752c        0xe ../STemWinLib/Lib\libSTemWIN532_CM7_GCC.a(GUIDRV_FlexColor.o)
 .text._ReadPixelCust_18bpp
                0x000000000800753a        0xe ../STemWinLib/Lib\libSTemWIN532_CM7_GCC.a(GUIDRV_FlexColor.o)
 .text._ReadRectCust_16bpp
                0x0000000008007548       0x36 ../STemWinLib/Lib\libSTemWIN532_CM7_GCC.a(GUIDRV_FlexColor.o)
 .text._ReadRectCust_18bpp
                0x000000000800757e       0x36 ../STemWinLib/Lib\libSTemWIN532_CM7_GCC.a(GUIDRV_FlexColor.o)
 .text._GetDevFunc
                0x00000000080075b4       0x6c ../STemWinLib/Lib\libSTemWIN532_CM7_GCC.a(GUIDRV_FlexColor.o)
 .text._GetDevProp
                0x0000000008007620       0x5a ../STemWinLib/Lib\libSTemWIN532_CM7_GCC.a(GUIDRV_FlexColor.o)
 .text._GetDevData
                0x000000000800767a        0xc ../STemWinLib/Lib\libSTemWIN532_CM7_GCC.a(GUIDRV_FlexColor.o)
 .text._GetRect
                0x0000000008007686       0x16 ../STemWinLib/Lib\libSTemWIN532_CM7_GCC.a(GUIDRV_FlexColor.o)
 .text.GUIDRV_FlexColor__SetLog2Phys
                0x000000000800769c       0x48 ../STemWinLib/Lib\libSTemWIN532_CM7_GCC.a(GUIDRV_FlexColor.o)
                0x000000000800769c                GUIDRV_FlexColor__SetLog2Phys
 .text._SetOrg  0x00000000080076e4       0x16 ../STemWinLib/Lib\libSTemWIN532_CM7_GCC.a(GUIDRV_FlexColor.o)
 .text.GUIDRV_FlexColor__SetPixelIndexNoCache
                0x00000000080076fa       0x90 ../STemWinLib/Lib\libSTemWIN532_CM7_GCC.a(GUIDRV_FlexColor.o)
                0x00000000080076fa                GUIDRV_FlexColor__SetPixelIndexNoCache
 .text.GUIDRV_FlexColor__GetPixelIndexNoCache
                0x000000000800778a       0xb2 ../STemWinLib/Lib\libSTemWIN532_CM7_GCC.a(GUIDRV_FlexColor.o)
                0x000000000800778a                GUIDRV_FlexColor__GetPixelIndexNoCache
 .text.GUIDRV_FlexColor__InitOnce
                0x000000000800783c       0x34 ../STemWinLib/Lib\libSTemWIN532_CM7_GCC.a(GUIDRV_FlexColor.o)
                0x000000000800783c                GUIDRV_FlexColor__InitOnce
 .text._SetDevFunc
                0x0000000008007870       0x9c ../STemWinLib/Lib\libSTemWIN532_CM7_GCC.a(GUIDRV_FlexColor.o)
 .text._GetDevFunc_Init
                0x000000000800790c       0x4a ../STemWinLib/Lib\libSTemWIN532_CM7_GCC.a(GUIDRV_FlexColor.o)
 .text._GetDevFunc_SetSize
                0x0000000008007956       0x14 ../STemWinLib/Lib\libSTemWIN532_CM7_GCC.a(GUIDRV_FlexColor.o)
 .text._GetDevFunc_SetVSize
                0x000000000800796a       0x14 ../STemWinLib/Lib\libSTemWIN532_CM7_GCC.a(GUIDRV_FlexColor.o)
 .text.GUIDRV_FlexColor_Config
                0x000000000800797e       0x3c ../STemWinLib/Lib\libSTemWIN532_CM7_GCC.a(GUIDRV_FlexColor.o)
                0x000000000800797e                GUIDRV_FlexColor_Config
 .text.GUIDRV_FlexColor_SetFunc
                0x00000000080079ba       0x32 ../STemWinLib/Lib\libSTemWIN532_CM7_GCC.a(GUIDRV_FlexColor.o)
                0x00000000080079ba                GUIDRV_FlexColor_SetFunc
 .text.LCD_SetVSizeEx
                0x00000000080079ec       0x30 ../STemWinLib/Lib\libSTemWIN532_CM7_GCC.a(LCD_Set.o)
                0x00000000080079ec                LCD_SetVSizeEx
 .text.LCD_SetSizeEx
                0x0000000008007a1c       0x30 ../STemWinLib/Lib\libSTemWIN532_CM7_GCC.a(LCD_Set.o)
                0x0000000008007a1c                LCD_SetSizeEx
 .text.LCD_SetPosEx
                0x0000000008007a4c       0x30 ../STemWinLib/Lib\libSTemWIN532_CM7_GCC.a(LCD_Set.o)
                0x0000000008007a4c                LCD_SetPosEx
 .text.LCD_SetLUTEntryEx
                0x0000000008007a7c       0x30 ../STemWinLib/Lib\libSTemWIN532_CM7_GCC.a(LCD_Set.o)
                0x0000000008007a7c                LCD_SetLUTEntryEx
 .text.LCD_GetPosEx
                0x0000000008007aac       0x30 ../STemWinLib/Lib\libSTemWIN532_CM7_GCC.a(LCD_Set.o)
                0x0000000008007aac                LCD_GetPosEx
 .text.GUI__memset16
                0x0000000008007adc       0x5c ../STemWinLib/Lib\libSTemWIN532_CM7_GCC.a(GUI__memset16.o)
                0x0000000008007adc                GUI__memset16
 .text.GUI__memset
                0x0000000008007b38       0x54 ../STemWinLib/Lib\libSTemWIN532_CM7_GCC.a(GUI__memset.o)
                0x0000000008007b38                GUI__memset
 .text.GUI_Delay
                0x0000000008007b8c       0x28 ../STemWinLib/Lib\libSTemWIN532_CM7_GCC.a(GUI_Time.o)
                0x0000000008007b8c                GUI_Delay
 .text.GUI_TOUCH_Calibrate
                0x0000000008007bb4       0xbc ../STemWinLib/Lib\libSTemWIN532_CM7_GCC.a(GUI_TOUCH_DriverAnalog.o)
                0x0000000008007bb4                GUI_TOUCH_Calibrate
 .text.GUI_TOUCH_Exec
                0x0000000008007c70       0xc0 ../STemWinLib/Lib\libSTemWIN532_CM7_GCC.a(GUI_TOUCH_DriverAnalog.o)
                0x0000000008007c70                GUI_TOUCH_Exec
 .text.GUI_TOUCH_TransformPoint
                0x0000000008007d30       0x98 ../STemWinLib/Lib\libSTemWIN532_CM7_GCC.a(GUI_TOUCH_Calibrate.o)
                0x0000000008007d30                GUI_TOUCH_TransformPoint
 .text.GUI_TOUCH_CalibratePoint
                0x0000000008007dc8       0x7c ../STemWinLib/Lib\libSTemWIN532_CM7_GCC.a(GUI_TOUCH_Calibrate.o)
                0x0000000008007dc8                GUI_TOUCH_CalibratePoint
 .text.GUI_TOUCH_CalcCoefficients
                0x0000000008007e44      0x498 ../STemWinLib/Lib\libSTemWIN532_CM7_GCC.a(GUI_TOUCH_Calibrate.o)
                0x0000000008007e44                GUI_TOUCH_CalcCoefficients
 .text.GUI_TOUCH_StoreStateEx
                0x00000000080082dc       0x48 ../STemWinLib/Lib\libSTemWIN532_CM7_GCC.a(GUI_TOUCH.o)
                0x00000000080082dc                GUI_TOUCH_StoreStateEx
 .text.GUI_SetFont
                0x0000000008008324       0x14 ../STemWinLib/Lib\libSTemWIN532_CM7_GCC.a(GUI_SetFont.o)
                0x0000000008008324                GUI_SetFont
 .text.GUI_SetBkColor
                0x0000000008008338        0x4 ../STemWinLib/Lib\libSTemWIN532_CM7_GCC.a(GUI_SetColor.o)
                0x0000000008008338                GUI_SetBkColor
 .text.GUI_SetColor
                0x000000000800833c        0x4 ../STemWinLib/Lib\libSTemWIN532_CM7_GCC.a(GUI_SetColor.o)
                0x000000000800833c                GUI_SetColor
 .text.GUI_PID_GetState
                0x0000000008008340       0x54 ../STemWinLib/Lib\libSTemWIN532_CM7_GCC.a(GUI_PID.o)
                0x0000000008008340                GUI_PID_GetState
 .text.GUI_PID_StoreState
                0x0000000008008394       0xa4 ../STemWinLib/Lib\libSTemWIN532_CM7_GCC.a(GUI_PID.o)
                0x0000000008008394                GUI_PID_StoreState
 .text.GUI_PID_IsEmpty
                0x0000000008008438       0x18 ../STemWinLib/Lib\libSTemWIN532_CM7_GCC.a(GUI_PID.o)
                0x0000000008008438                GUI_PID_IsEmpty
 .text.GUI_GetKey
                0x0000000008008450       0x10 ../STemWinLib/Lib\libSTemWIN532_CM7_GCC.a(GUI_OnKey.o)
                0x0000000008008450                GUI_GetKey
 .text.GUI_StoreKey
                0x0000000008008460       0x10 ../STemWinLib/Lib\libSTemWIN532_CM7_GCC.a(GUI_OnKey.o)
                0x0000000008008460                GUI_StoreKey
 .text.GUI_PollKeyMsg
                0x0000000008008470       0x38 ../STemWinLib/Lib\libSTemWIN532_CM7_GCC.a(GUI_OnKey.o)
                0x0000000008008470                GUI_PollKeyMsg
 .text.GUI_FillRect
                0x00000000080084a8       0x44 ../STemWinLib/Lib\libSTemWIN532_CM7_GCC.a(GUI_FillRect.o)
                0x00000000080084a8                GUI_FillRect
 .text.GUI_Exec1
                0x00000000080084ec       0x34 ../STemWinLib/Lib\libSTemWIN532_CM7_GCC.a(GUI_Exec.o)
                0x00000000080084ec                GUI_Exec1
 .text.GUI_Exec
                0x0000000008008520       0x12 ../STemWinLib/Lib\libSTemWIN532_CM7_GCC.a(GUI_Exec.o)
                0x0000000008008520                GUI_Exec
 *fill*         0x0000000008008532        0x2 
 .text.GUI_DispStringAt
                0x0000000008008534       0x10 ../STemWinLib/Lib\libSTemWIN532_CM7_GCC.a(GUI_DispStringAt.o)
                0x0000000008008534                GUI_DispStringAt
 .text.GUI_DispString
                0x0000000008008544      0x108 ../STemWinLib/Lib\libSTemWIN532_CM7_GCC.a(GUI_DispString.o)
                0x0000000008008544                GUI_DispString
 .text.GUI_DEVICE__GetpDriver
                0x000000000800864c       0x20 ../STemWinLib/Lib\libSTemWIN532_CM7_GCC.a(GUI_Device.o)
                0x000000000800864c                GUI_DEVICE__GetpDriver
 .text.GUI_DEVICE_Delete
                0x000000000800866c        0x4 ../STemWinLib/Lib\libSTemWIN532_CM7_GCC.a(GUI_Device.o)
                0x000000000800866c                GUI_DEVICE_Delete
 .text.GUI_DEVICE_Create
                0x0000000008008670       0x4c ../STemWinLib/Lib\libSTemWIN532_CM7_GCC.a(GUI_Device.o)
                0x0000000008008670                GUI_DEVICE_Create
 .text.GUI_DEVICE_Unlink
                0x00000000080086bc       0x2c ../STemWinLib/Lib\libSTemWIN532_CM7_GCC.a(GUI_Device.o)
                0x00000000080086bc                GUI_DEVICE_Unlink
 .text.GUI_DEVICE_Link
                0x00000000080086e8       0x74 ../STemWinLib/Lib\libSTemWIN532_CM7_GCC.a(GUI_Device.o)
                0x00000000080086e8                GUI_DEVICE_Link
 .text.GUI_DEVICE_CreateAndLink
                0x000000000800875c       0x28 ../STemWinLib/Lib\libSTemWIN532_CM7_GCC.a(GUI_Device.o)
                0x000000000800875c                GUI_DEVICE_CreateAndLink
 .text._OnExit  0x0000000008008784       0x2c ../STemWinLib/Lib\libSTemWIN532_CM7_GCC.a(GUI_Core.o)
 .text._InitContext
                0x00000000080087b0       0x80 ../STemWinLib/Lib\libSTemWIN532_CM7_GCC.a(GUI_Core.o)
 .text.GUI_SetDefaultFont
                0x0000000008008830        0xc ../STemWinLib/Lib\libSTemWIN532_CM7_GCC.a(GUI_Core.o)
                0x0000000008008830                GUI_SetDefaultFont
 .text.GUI_ClearRect
                0x000000000800883c       0x64 ../STemWinLib/Lib\libSTemWIN532_CM7_GCC.a(GUI_Core.o)
                0x000000000800883c                GUI_ClearRect
 .text.GUI_Clear
                0x00000000080088a0       0x20 ../STemWinLib/Lib\libSTemWIN532_CM7_GCC.a(GUI_Core.o)
                0x00000000080088a0                GUI_Clear
 .text.GUI__RegisterExit
                0x00000000080088c0       0x24 ../STemWinLib/Lib\libSTemWIN532_CM7_GCC.a(GUI_Core.o)
                0x00000000080088c0                GUI__RegisterExit
 .text.GUI__Config
                0x00000000080088e4       0x30 ../STemWinLib/Lib\libSTemWIN532_CM7_GCC.a(GUI_Core.o)
                0x00000000080088e4                GUI__Config
 .text.GUI_Init
                0x0000000008008914       0xa8 ../STemWinLib/Lib\libSTemWIN532_CM7_GCC.a(GUI_Core.o)
                0x0000000008008914                GUI_Init
 .text.GUIPROP__FindChar
                0x00000000080089bc       0x14 ../STemWinLib/Lib\libSTemWIN532_CM7_GCC.a(GUI_CharP.o)
                0x00000000080089bc                GUIPROP__FindChar
 .text.GUIPROP_DispChar
                0x00000000080089d0       0xec ../STemWinLib/Lib\libSTemWIN532_CM7_GCC.a(GUI_CharP.o)
                0x00000000080089d0                GUIPROP_DispChar
 .text.GUIPROP_GetCharDistX
                0x0000000008008abc       0x3c ../STemWinLib/Lib\libSTemWIN532_CM7_GCC.a(GUI_CharP.o)
                0x0000000008008abc                GUIPROP_GetCharDistX
 .text.GUIPROP_GetFontInfo
                0x0000000008008af8        0x6 ../STemWinLib/Lib\libSTemWIN532_CM7_GCC.a(GUI_CharP.o)
                0x0000000008008af8                GUIPROP_GetFontInfo
 .text.GUIPROP_IsInFont
                0x0000000008008afe       0x10 ../STemWinLib/Lib\libSTemWIN532_CM7_GCC.a(GUI_CharP.o)
                0x0000000008008afe                GUIPROP_IsInFont
 *fill*         0x0000000008008b0e        0x2 
 .text.GUIMONO_DispChar
                0x0000000008008b10      0x150 ../STemWinLib/Lib\libSTemWIN532_CM7_GCC.a(GUI_CharM.o)
                0x0000000008008b10                GUIMONO_DispChar
 .text.GUIMONO_GetCharDistX
                0x0000000008008c60       0x18 ../STemWinLib/Lib\libSTemWIN532_CM7_GCC.a(GUI_CharM.o)
                0x0000000008008c60                GUIMONO_GetCharDistX
 .text.GUIMONO_GetFontInfo
                0x0000000008008c78        0x6 ../STemWinLib/Lib\libSTemWIN532_CM7_GCC.a(GUI_CharM.o)
                0x0000000008008c78                GUIMONO_GetFontInfo
 .text.GUIMONO_IsInFont
                0x0000000008008c7e       0x36 ../STemWinLib/Lib\libSTemWIN532_CM7_GCC.a(GUI_CharM.o)
                0x0000000008008c7e                GUIMONO_IsInFont
 .text._Log2VisBuffered
                0x0000000008008cb4        0x2 ../STemWinLib/Lib\libSTemWIN532_CM7_GCC.a(GUI_CharLine.o)
 *fill*         0x0000000008008cb6        0x2 
 .text._DispLine
                0x0000000008008cb8       0x7c ../STemWinLib/Lib\libSTemWIN532_CM7_GCC.a(GUI_CharLine.o)
 .text.GUI__GetLineNumChars
                0x0000000008008d34       0x3c ../STemWinLib/Lib\libSTemWIN532_CM7_GCC.a(GUI_CharLine.o)
                0x0000000008008d34                GUI__GetLineNumChars
 .text.GUI__GetOverlap
                0x0000000008008d70       0x1e ../STemWinLib/Lib\libSTemWIN532_CM7_GCC.a(GUI_CharLine.o)
                0x0000000008008d70                GUI__GetOverlap
 *fill*         0x0000000008008d8e        0x2 
 .text.GUI__GetLineDistX
                0x0000000008008d90       0x60 ../STemWinLib/Lib\libSTemWIN532_CM7_GCC.a(GUI_CharLine.o)
                0x0000000008008d90                GUI__GetLineDistX
 .text.GUI__DispLine
                0x0000000008008df0       0xa8 ../STemWinLib/Lib\libSTemWIN532_CM7_GCC.a(GUI_CharLine.o)
                0x0000000008008df0                GUI__DispLine
 .text.GUI_GetYAdjust
                0x0000000008008e98       0x30 ../STemWinLib/Lib\libSTemWIN532_CM7_GCC.a(GUI_Char.o)
                0x0000000008008e98                GUI_GetYAdjust
 .text.GUI_GetFontDistY
                0x0000000008008ec8       0x10 ../STemWinLib/Lib\libSTemWIN532_CM7_GCC.a(GUI_Char.o)
                0x0000000008008ec8                GUI_GetFontDistY
 .text.GUI_GetCharDistX
                0x0000000008008ed8       0x14 ../STemWinLib/Lib\libSTemWIN532_CM7_GCC.a(GUI_Char.o)
                0x0000000008008ed8                GUI_GetCharDistX
 .text.GUI_GetCharDistXEx
                0x0000000008008eec       0x14 ../STemWinLib/Lib\libSTemWIN532_CM7_GCC.a(GUI_Char.o)
                0x0000000008008eec                GUI_GetCharDistXEx
 .text._PushFreeBlock
                0x0000000008008f00       0x24 ../STemWinLib/Lib\libSTemWIN532_CM7_GCC.a(GUI_Alloc.o)
 .text._OnExit  0x0000000008008f24       0x38 ../STemWinLib/Lib\libSTemWIN532_CM7_GCC.a(GUI_Alloc.o)
 .text._RemoveFreeBlock
                0x0000000008008f5c       0x40 ../STemWinLib/Lib\libSTemWIN532_CM7_GCC.a(GUI_Alloc.o)
 .text._AddFreeMemory
                0x0000000008008f9c       0xa0 ../STemWinLib/Lib\libSTemWIN532_CM7_GCC.a(GUI_Alloc.o)
 .text._RemoveHoles
                0x000000000800903c       0x9c ../STemWinLib/Lib\libSTemWIN532_CM7_GCC.a(GUI_Alloc.o)
 .text.GUI_ALLOC_FreeFixedBlock
                0x00000000080090d8       0x14 ../STemWinLib/Lib\libSTemWIN532_CM7_GCC.a(GUI_Alloc.o)
                0x00000000080090d8                GUI_ALLOC_FreeFixedBlock
 .text.GUI_ALLOC_h2p
                0x00000000080090ec       0x14 ../STemWinLib/Lib\libSTemWIN532_CM7_GCC.a(GUI_Alloc.o)
                0x00000000080090ec                GUI_ALLOC_h2p
 .text.GUI_ALLOC_LockH
                0x0000000008009100       0x1c ../STemWinLib/Lib\libSTemWIN532_CM7_GCC.a(GUI_Alloc.o)
                0x0000000008009100                GUI_ALLOC_LockH
 .text.GUI_ALLOC_UnlockH
                0x000000000800911c       0x30 ../STemWinLib/Lib\libSTemWIN532_CM7_GCC.a(GUI_Alloc.o)
                0x000000000800911c                GUI_ALLOC_UnlockH
 .text.GUI_ALLOC_AssignMemory
                0x000000000800914c       0x10 ../STemWinLib/Lib\libSTemWIN532_CM7_GCC.a(GUI_Alloc.o)
                0x000000000800914c                GUI_ALLOC_AssignMemory
 .text.GUI_ALLOC_Free
                0x000000000800915c       0x30 ../STemWinLib/Lib\libSTemWIN532_CM7_GCC.a(GUI_Alloc.o)
                0x000000000800915c                GUI_ALLOC_Free
 .text._EnlargeBlocks
                0x000000000800918c       0x98 ../STemWinLib/Lib\libSTemWIN532_CM7_GCC.a(GUI_Alloc.o)
 .text._InitOnce
                0x0000000008009224      0x174 ../STemWinLib/Lib\libSTemWIN532_CM7_GCC.a(GUI_Alloc.o)
 .text.GUI_ALLOC_GetFixedBlock
                0x0000000008009398       0xa4 ../STemWinLib/Lib\libSTemWIN532_CM7_GCC.a(GUI_Alloc.o)
                0x0000000008009398                GUI_ALLOC_GetFixedBlock
 .text.GUI_ALLOC_GetMaxSize
                0x000000000800943c       0x3c ../STemWinLib/Lib\libSTemWIN532_CM7_GCC.a(GUI_Alloc.o)
                0x000000000800943c                GUI_ALLOC_GetMaxSize
 .text.GUI_ALLOC_RequestSize
                0x0000000008009478       0x2c ../STemWinLib/Lib\libSTemWIN532_CM7_GCC.a(GUI_Alloc.o)
                0x0000000008009478                GUI_ALLOC_RequestSize
 .text._Alloc   0x00000000080094a4       0xec ../STemWinLib/Lib\libSTemWIN532_CM7_GCC.a(GUI_Alloc.o)
 .text.GUI_ALLOC_AllocNoInit
                0x0000000008009590        0x8 ../STemWinLib/Lib\libSTemWIN532_CM7_GCC.a(GUI_Alloc.o)
                0x0000000008009590                GUI_ALLOC_AllocNoInit
 .text.GUI_DrawRect
                0x0000000008009598       0x84 ../STemWinLib/Lib\libSTemWIN532_CM7_GCC.a(GUI_2DLib.o)
                0x0000000008009598                GUI_DrawRect
 .text.LCD_Index2Color_M565
                0x000000000800961c       0x28 ../STemWinLib/Lib\libSTemWIN532_CM7_GCC.a(GUICC_M565.o)
                0x000000000800961c                LCD_Index2Color_M565
 .text._Color2Index_M565
                0x0000000008009644       0x28 ../STemWinLib/Lib\libSTemWIN532_CM7_GCC.a(GUICC_M565.o)
 .text._GetIndexMask_M565
                0x000000000800966c        0x6 ../STemWinLib/Lib\libSTemWIN532_CM7_GCC.a(GUICC_M565.o)
 *fill*         0x0000000008009672        0x2 
 .text._Color2IndexBulk
                0x0000000008009674       0x4c ../STemWinLib/Lib\libSTemWIN532_CM7_GCC.a(GUICC_M565.o)
 .text._Index2ColorBulk
                0x00000000080096c0       0x5c ../STemWinLib/Lib\libSTemWIN532_CM7_GCC.a(GUICC_M565.o)
 .text.WM__IsInModalArea
                0x000000000800971c       0x5c ../STemWinLib/Lib\libSTemWIN532_CM7_GCC.a(WM_Touch.o)
                0x000000000800971c                WM__IsInModalArea
 .text.WM__SendPIDMessage
                0x0000000008009778       0x40 ../STemWinLib/Lib\libSTemWIN532_CM7_GCC.a(WM_Touch.o)
                0x0000000008009778                WM__SendPIDMessage
 .text.WM__SendTouchMessage
                0x00000000080097b8       0x3c ../STemWinLib/Lib\libSTemWIN532_CM7_GCC.a(WM_Touch.o)
                0x00000000080097b8                WM__SendTouchMessage
 .text.WM_HandlePID
                0x00000000080097f4      0x380 ../STemWinLib/Lib\libSTemWIN532_CM7_GCC.a(WM_Touch.o)
                0x00000000080097f4                WM_HandlePID
 .text.WM__ReleaseCapture
                0x0000000008009b74       0x34 ../STemWinLib/Lib\libSTemWIN532_CM7_GCC.a(WM_SetCapture.o)
 .text.WM_ReleaseCapture
                0x0000000008009ba8        0x4 ../STemWinLib/Lib\libSTemWIN532_CM7_GCC.a(WM_SetCapture.o)
                0x0000000008009ba8                WM_ReleaseCapture
 .text.WM__IsInWindow
                0x0000000008009bac       0x36 ../STemWinLib/Lib\libSTemWIN532_CM7_GCC.a(WM_Screen2Win.o)
                0x0000000008009bac                WM__IsInWindow
 .text._Screen2hWin
                0x0000000008009be2       0x60 ../STemWinLib/Lib\libSTemWIN532_CM7_GCC.a(WM_Screen2Win.o)
 *fill*         0x0000000008009c42        0x2 
 .text.WM_Screen2hWin
                0x0000000008009c44       0x20 ../STemWinLib/Lib\libSTemWIN532_CM7_GCC.a(WM_Screen2Win.o)
                0x0000000008009c44                WM_Screen2hWin
 .text.WM_PID__SetPrevState
                0x0000000008009c64       0x14 ../STemWinLib/Lib\libSTemWIN532_CM7_GCC.a(WM_PID__GetPrevState.o)
                0x0000000008009c64                WM_PID__SetPrevState
 .text.WM_OnKey
                0x0000000008009c78       0x34 ../STemWinLib/Lib\libSTemWIN532_CM7_GCC.a(WM_OnKey.o)
                0x0000000008009c78                WM_OnKey
 .text.WM_IsWindow
                0x0000000008009cac        0x4 ../STemWinLib/Lib\libSTemWIN532_CM7_GCC.a(WM_IsWindow.o)
                0x0000000008009cac                WM_IsWindow
 .text.WM_GetParent
                0x0000000008009cb0       0x10 ../STemWinLib/Lib\libSTemWIN532_CM7_GCC.a(WM_GetParent.o)
                0x0000000008009cb0                WM_GetParent
 .text.WM_GetDesktopWindowEx
                0x0000000008009cc0       0x14 ../STemWinLib/Lib\libSTemWIN532_CM7_GCC.a(WM_GetDesktopWindowEx.o)
                0x0000000008009cc0                WM_GetDesktopWindowEx
 .text.WM_GetDesktopWindow
                0x0000000008009cd4       0x18 ../STemWinLib/Lib\libSTemWIN532_CM7_GCC.a(WM_GetDesktopWindow.o)
                0x0000000008009cd4                WM_GetDesktopWindow
 .text.WM__AddCriticalHandle
                0x0000000008009cec       0x10 ../STemWinLib/Lib\libSTemWIN532_CM7_GCC.a(WM_CriticalHandle.o)
                0x0000000008009cec                WM__AddCriticalHandle
 .text.WM__RemoveCriticalHandle
                0x0000000008009cfc       0x2c ../STemWinLib/Lib\libSTemWIN532_CM7_GCC.a(WM_CriticalHandle.o)
                0x0000000008009cfc                WM__RemoveCriticalHandle
 .text._OnExit  0x0000000008009d28       0x50 ../STemWinLib/Lib\libSTemWIN532_CM7_GCC.a(WM.o)
 .text._Paint1  0x0000000008009d78       0x24 ../STemWinLib/Lib\libSTemWIN532_CM7_GCC.a(WM.o)
 .text._Findy1  0x0000000008009d9c       0xac ../STemWinLib/Lib\libSTemWIN532_CM7_GCC.a(WM.o)
 .text._Findx0  0x0000000008009e48       0x88 ../STemWinLib/Lib\libSTemWIN532_CM7_GCC.a(WM.o)
 .text._Findx1  0x0000000008009ed0       0x76 ../STemWinLib/Lib\libSTemWIN532_CM7_GCC.a(WM.o)
 *fill*         0x0000000008009f46        0x2 
 .text._Paint1Trans
                0x0000000008009f48       0x94 ../STemWinLib/Lib\libSTemWIN532_CM7_GCC.a(WM.o)
 .text._PaintTransChildren
                0x0000000008009fdc       0xb6 ../STemWinLib/Lib\libSTemWIN532_CM7_GCC.a(WM.o)
 *fill*         0x000000000800a092        0x2 
 .text.WM__PaintWinAndOverlays
                0x000000000800a094       0x78 ../STemWinLib/Lib\libSTemWIN532_CM7_GCC.a(WM.o)
 .text._cbPaintMemDev
                0x000000000800a10c       0x68 ../STemWinLib/Lib\libSTemWIN532_CM7_GCC.a(WM.o)
 .text.WM__ClipAtParentBorders
                0x000000000800a174       0x5c ../STemWinLib/Lib\libSTemWIN532_CM7_GCC.a(WM.o)
                0x000000000800a174                WM__ClipAtParentBorders
 .text.WM__InsertWindowIntoList
                0x000000000800a1d0       0xa4 ../STemWinLib/Lib\libSTemWIN532_CM7_GCC.a(WM.o)
                0x000000000800a1d0                WM__InsertWindowIntoList
 .text.WM__RemoveWindowFromList
                0x000000000800a274       0x3c ../STemWinLib/Lib\libSTemWIN532_CM7_GCC.a(WM.o)
                0x000000000800a274                WM__RemoveWindowFromList
 .text.WM__Client2Screen
                0x000000000800a2b0       0x10 ../STemWinLib/Lib\libSTemWIN532_CM7_GCC.a(WM.o)
                0x000000000800a2b0                WM__Client2Screen
 .text._SetClipRectUserIntersect
                0x000000000800a2c0       0x50 ../STemWinLib/Lib\libSTemWIN532_CM7_GCC.a(WM.o)
 .text.WM__ActivateClipRect
                0x000000000800a310       0x48 ../STemWinLib/Lib\libSTemWIN532_CM7_GCC.a(WM.o)
                0x000000000800a310                WM__ActivateClipRect
 .text.WM__IsWindow
                0x000000000800a358       0x20 ../STemWinLib/Lib\libSTemWIN532_CM7_GCC.a(WM.o)
                0x000000000800a358                WM__IsWindow
 .text.WM__InvalidateDrawAndDescs
                0x000000000800a378       0x50 ../STemWinLib/Lib\libSTemWIN532_CM7_GCC.a(WM.o)
                0x000000000800a378                WM__InvalidateDrawAndDescs
 .text.WM__RectIsNZ
                0x000000000800a3c8       0x22 ../STemWinLib/Lib\libSTemWIN532_CM7_GCC.a(WM.o)
                0x000000000800a3c8                WM__RectIsNZ
 *fill*         0x000000000800a3ea        0x2 
 .text._Invalidate1Abs
                0x000000000800a3ec       0x88 ../STemWinLib/Lib\libSTemWIN532_CM7_GCC.a(WM.o)
 .text.WM__Invalidate1Abs
                0x000000000800a474        0x6 ../STemWinLib/Lib\libSTemWIN532_CM7_GCC.a(WM.o)
                0x000000000800a474                WM__Invalidate1Abs
 .text.WM_InvalidateWindowAndDescsEx
                0x000000000800a47a       0x64 ../STemWinLib/Lib\libSTemWIN532_CM7_GCC.a(WM.o)
                0x000000000800a47a                WM_InvalidateWindowAndDescsEx
 .text.WM__InvalidateRect
                0x000000000800a4de       0x78 ../STemWinLib/Lib\libSTemWIN532_CM7_GCC.a(WM.o)
                0x000000000800a4de                WM__InvalidateRect
 .text.WM__InvalidateParent
                0x000000000800a556       0x2a ../STemWinLib/Lib\libSTemWIN532_CM7_GCC.a(WM.o)
                0x000000000800a556                WM__InvalidateParent
 .text.WM__InvalidateRectEx
                0x000000000800a580        0x6 ../STemWinLib/Lib\libSTemWIN532_CM7_GCC.a(WM.o)
                0x000000000800a580                WM__InvalidateRectEx
 .text.WM__DetachWindow
                0x000000000800a586       0x2a ../STemWinLib/Lib\libSTemWIN532_CM7_GCC.a(WM.o)
                0x000000000800a586                WM__DetachWindow
 .text.WM__SendMsgNoData
                0x000000000800a5b0       0x16 ../STemWinLib/Lib\libSTemWIN532_CM7_GCC.a(WM.o)
                0x000000000800a5b0                WM__SendMsgNoData
 .text.WM__GetClientRectWin
                0x000000000800a5c6       0x18 ../STemWinLib/Lib\libSTemWIN532_CM7_GCC.a(WM.o)
                0x000000000800a5c6                WM__GetClientRectWin
 .text.WM_InvalidateRect
                0x000000000800a5de       0x78 ../STemWinLib/Lib\libSTemWIN532_CM7_GCC.a(WM.o)
                0x000000000800a5de                WM_InvalidateRect
 .text.WM_InvalidateWindow
                0x000000000800a656        0x6 ../STemWinLib/Lib\libSTemWIN532_CM7_GCC.a(WM.o)
                0x000000000800a656                WM_InvalidateWindow
 .text.WM__GetTopLevelLayer
                0x000000000800a65c       0x28 ../STemWinLib/Lib\libSTemWIN532_CM7_GCC.a(WM.o)
                0x000000000800a65c                WM__GetTopLevelLayer
 .text.WM__SelectTopLevelLayer
                0x000000000800a684       0x14 ../STemWinLib/Lib\libSTemWIN532_CM7_GCC.a(WM.o)
                0x000000000800a684                WM__SelectTopLevelLayer
 .text.WM_SelectWindow
                0x000000000800a698       0x40 ../STemWinLib/Lib\libSTemWIN532_CM7_GCC.a(WM.o)
                0x000000000800a698                WM_SelectWindow
 .text.WM_CreateWindowAsChild
                0x000000000800a6d8      0x154 ../STemWinLib/Lib\libSTemWIN532_CM7_GCC.a(WM.o)
                0x000000000800a6d8                WM_CreateWindowAsChild
 .text.WM_DeleteWindow
                0x000000000800a82c      0x114 ../STemWinLib/Lib\libSTemWIN532_CM7_GCC.a(WM.o)
                0x000000000800a82c                WM_DeleteWindow
 .text.WM__GetNextIVR
                0x000000000800a940      0x184 ../STemWinLib/Lib\libSTemWIN532_CM7_GCC.a(WM.o)
                0x000000000800a940                WM__GetNextIVR
 .text.WM__InitIVRSearch
                0x000000000800aac4       0xfc ../STemWinLib/Lib\libSTemWIN532_CM7_GCC.a(WM.o)
                0x000000000800aac4                WM__InitIVRSearch
 .text.WM_SetDefault
                0x000000000800abc0       0x14 ../STemWinLib/Lib\libSTemWIN532_CM7_GCC.a(WM.o)
                0x000000000800abc0                WM_SetDefault
 .text.WM__Paint1
                0x000000000800abd4       0x90 ../STemWinLib/Lib\libSTemWIN532_CM7_GCC.a(WM.o)
                0x000000000800abd4                WM__Paint1
 .text.WM__Paint
                0x000000000800ac64       0xac ../STemWinLib/Lib\libSTemWIN532_CM7_GCC.a(WM.o)
                0x000000000800ac64                WM__Paint
 .text.WM_Exec  0x000000000800ad10      0x15c ../STemWinLib/Lib\libSTemWIN532_CM7_GCC.a(WM.o)
                0x000000000800ad10                WM_Exec
 .text.WM_Activate
                0x000000000800ae6c       0x10 ../STemWinLib/Lib\libSTemWIN532_CM7_GCC.a(WM.o)
                0x000000000800ae6c                WM_Activate
 .text.WM_Deactivate
                0x000000000800ae7c       0x14 ../STemWinLib/Lib\libSTemWIN532_CM7_GCC.a(WM.o)
                0x000000000800ae7c                WM_Deactivate
 .text.WM_DefaultProc
                0x000000000800ae90       0x48 ../STemWinLib/Lib\libSTemWIN532_CM7_GCC.a(WM.o)
                0x000000000800ae90                WM_DefaultProc
 .text._cbBackWin
                0x000000000800aed8       0x68 ../STemWinLib/Lib\libSTemWIN532_CM7_GCC.a(WM.o)
 .text.WM_Init  0x000000000800af40       0xf4 ../STemWinLib/Lib\libSTemWIN532_CM7_GCC.a(WM.o)